[  588271ms] [ERROR] %o

%s ReferenceError: DocUserMenu is not defined
    at DocEditor (http://localhost:3000/_next/static/chunks/components_shared_DocEditor_DocEditor_tsx_6fdc4e._.js?id=%255Bproject%255D%252Fcomponents%252Fshared%252FDocEditor%252FDocEditor.tsx+%255Bapp-client%255D+%2528ecmascript%2529:8455:248)
    at react-stack-bottom-frame (http://localhost:3000/_next/static/chunks/node_modules_next_dist_compiled_react-dom_1f56dc._.js:13403:24)
    at renderWithHooks (http://localhost:3000/_next/static/chunks/node_modules_next_dist_compiled_react-dom_1f56dc._.js:2977:24)
    at updateFunctionComponent (http://localhost:3000/_next/static/chunks/node_modules_next_dist_compiled_react-dom_1f56dc._.js:4732:21)
    at beginWork (http://localhost:3000/_next/static/chunks/node_modules_next_dist_compiled_react-dom_1f56dc._.js:5364:24)
    at runWithFiberInDEV (http://localhost:3000/_next/static/chunks/node_modules_next_dist_compiled_react-dom_1f56dc._.js:631:20)
    at performUnitOfWork (http://localhost:3000/_next/static/chunks/node_modules_next_dist_compiled_react-dom_1f56dc._.js:7955:97)
    at workLoopSync (http://localhost:3000/_next/static/chunks/node_modules_next_dist_compiled_react-dom_1f56dc._.js:7847:40)
    at renderRootSync (http://localhost:3000/_next/static/chunks/node_modules_next_dist_compiled_react-dom_1f56dc._.js:7830:13)
    at performWorkOnRoot (http://localhost:3000/_next/static/chunks/node_modules_next_dist_compiled_react-dom_1f56dc._.js:7589:56)
    at performSyncWorkOnRoot (http://localhost:3000/_next/static/chunks/node_modules_next_dist_compiled_react-dom_1f56dc._.js:8402:9)
    at flushSyncWorkAcrossRoots_impl (http://localhost:3000/_next/static/chunks/node_modules_next_dist_compiled_react-dom_1f56dc._.js:8326:245)
    at flushSyncWork$1 (http://localhost:3000/_next/static/chunks/node_modules_next_dist_compiled_react-dom_1f56dc._.js:7709:86)
    at Object.scheduleRefresh (http://localhost:3000/_next/static/chunks/node_modules_next_dist_compiled_react-dom_1f56dc._.js:298:13)
    at http://localhost:3000/_next/static/chunks/node_modules_next_dist_compiled_107ce8._.js:395:33
    at Set.forEach (<anonymous>)
    at Object.performReactRefresh (http://localhost:3000/_next/static/chunks/node_modules_next_dist_compiled_107ce8._.js:388:38)
    at applyUpdate (http://localhost:3000/_next/static/chunks/node_modules_next_dist_compiled_107ce8._.js:885:31)
    at http://localhost:3000/_next/static/chunks/node_modules_next_dist_compiled_107ce8._.js:893:13 The above error occurred in the <DocEditor> component. It was handled by the <ReactDevOverlay> error boundary. @ http://localhost:3000/_next/static/chunks/node_modules_next_dist_client_523921._.js:1189
[  646397ms] [WARNING] [Fast Refresh] performing full reload because your application had an unrecoverable error @ http://localhost:3000/_next/static/chunks/node_modules_next_dist_client_523921._.js:13736
