[    1801ms] [INFO] %cDownload the React DevTools for a better development experience: https://react.dev/link/react-devtools font-weight:bold @ http://localhost:3000/_next/static/chunks/node_modules_next_dist_compiled_react-dom_1f56dc._.js:13948
[    2065ms] [LOG] MeetingsContext: Loaded meetings from localStorage 7 @ http://localhost:3000/_next/static/chunks/_0b03d8._.js:6317
[    2066ms] [LOG] TranscriptContext: Loaded requests from localStorage [] @ http://localhost:3000/_next/static/chunks/_0b03d8._.js:4358
[    2067ms] [LOG] Discipline Context: Loaded disciplinary actions from localStorage [] @ http://localhost:3000/_next/static/chunks/_0b03d8._.js:5729
[    2067ms] [LOG] Discipline Context: Loaded complaints from localStorage [] @ http://localhost:3000/_next/static/chunks/_0b03d8._.js:5734
[    2068ms] [LOG] Performance Context: Loaded reviews from localStorage [] @ http://localhost:3000/_next/static/chunks/_0b03d8._.js:5576
[    2069ms] [LOG] LeaveContext: Loaded requests from localStorage [] @ http://localhost:3000/_next/static/chunks/_0b03d8._.js:5100
[    2069ms] [LOG] TransferContext: Loaded requests from localStorage [] @ http://localhost:3000/_next/static/chunks/_0b03d8._.js:4206
[    2263ms] [LOG] MeetingsContext: Saved meetings to localStorage 7 @ http://localhost:3000/_next/static/chunks/_0b03d8._.js:6337
[    2264ms] [LOG] TranscriptContext: Saved requests to localStorage [] @ http://localhost:3000/_next/static/chunks/_0b03d8._.js:4376
[    2265ms] [LOG] Discipline Context: Saved disciplinary actions to localStorage [] @ http://localhost:3000/_next/static/chunks/_0b03d8._.js:5755
[    2265ms] [LOG] Discipline Context: Saved complaints to localStorage [] @ http://localhost:3000/_next/static/chunks/_0b03d8._.js:5771
[    2266ms] [LOG] Performance Context: Saved to localStorage [] @ http://localhost:3000/_next/static/chunks/_0b03d8._.js:5595
[    2267ms] [LOG] LeaveContext: Saved requests to localStorage [] @ http://localhost:3000/_next/static/chunks/_0b03d8._.js:5118
[    2268ms] [LOG] TransferContext: Saved requests to localStorage [] @ http://localhost:3000/_next/static/chunks/_0b03d8._.js:4224
[    2472ms] [LOG] [Fast Refresh] rebuilding @ http://localhost:3000/_next/static/chunks/node_modules_next_dist_client_523921._.js:13661
[    2472ms] [LOG] [Fast Refresh] rebuilding @ http://localhost:3000/_next/static/chunks/node_modules_next_dist_client_523921._.js:13661
[    2472ms] [LOG] [Fast Refresh] rebuilding @ http://localhost:3000/_next/static/chunks/node_modules_next_dist_client_523921._.js:13661
[    2506ms] [LOG] [Fast Refresh] rebuilding @ http://localhost:3000/_next/static/chunks/node_modules_next_dist_client_523921._.js:13661
[    2615ms] [LOG] [Fast Refresh] rebuilding @ http://localhost:3000/_next/static/chunks/node_modules_next_dist_client_523921._.js:13661
[   12135ms] [LOG] [Fast Refresh] rebuilding @ http://localhost:3000/_next/static/chunks/node_modules_next_dist_client_523921._.js:13661
[   16654ms] [LOG] [Fast Refresh] rebuilding @ http://localhost:3000/_next/static/chunks/node_modules_next_dist_client_523921._.js:13661
[   16696ms] [LOG] [Fast Refresh] rebuilding @ http://localhost:3000/_next/static/chunks/node_modules_next_dist_client_523921._.js:13661
[   16776ms] [LOG] [Fast Refresh] rebuilding @ http://localhost:3000/_next/static/chunks/node_modules_next_dist_client_523921._.js:13661
[   32475ms] [LOG] [Fast Refresh] rebuilding @ http://localhost:3000/_next/static/chunks/node_modules_next_dist_client_523921._.js:13661
[   36207ms] [LOG] [Fast Refresh] rebuilding @ http://localhost:3000/_next/static/chunks/node_modules_next_dist_client_523921._.js:13661
[   36218ms] [LOG] [Fast Refresh] rebuilding @ http://localhost:3000/_next/static/chunks/node_modules_next_dist_client_523921._.js:13661
[   36296ms] [LOG] [Fast Refresh] rebuilding @ http://localhost:3000/_next/static/chunks/node_modules_next_dist_client_523921._.js:13661
[   42319ms] [LOG] [Fast Refresh] rebuilding @ http://localhost:3000/_next/static/chunks/node_modules_next_dist_client_523921._.js:13661
[   47496ms] [LOG] [Fast Refresh] rebuilding @ http://localhost:3000/_next/static/chunks/node_modules_next_dist_client_523921._.js:13661
[   47511ms] [LOG] [Fast Refresh] rebuilding @ http://localhost:3000/_next/static/chunks/node_modules_next_dist_client_523921._.js:13661
[   47598ms] [LOG] [Fast Refresh] rebuilding @ http://localhost:3000/_next/static/chunks/node_modules_next_dist_client_523921._.js:13661
[   92267ms] [LOG] [Fast Refresh] rebuilding @ http://localhost:3000/_next/static/chunks/node_modules_next_dist_client_523921._.js:13661
[  103847ms] [LOG] [Fast Refresh] rebuilding @ http://localhost:3000/_next/static/chunks/node_modules_next_dist_client_523921._.js:13661
[  116496ms] [LOG] [Fast Refresh] rebuilding @ http://localhost:3000/_next/static/chunks/node_modules_next_dist_client_523921._.js:13661
[  127409ms] [LOG] [Fast Refresh] rebuilding @ http://localhost:3000/_next/static/chunks/node_modules_next_dist_client_523921._.js:13661
[  135520ms] [LOG] [Fast Refresh] rebuilding @ http://localhost:3000/_next/static/chunks/node_modules_next_dist_client_523921._.js:13661
[  135542ms] [LOG] [Fast Refresh] rebuilding @ http://localhost:3000/_next/static/chunks/node_modules_next_dist_client_523921._.js:13661
[  135611ms] [LOG] [Fast Refresh] rebuilding @ http://localhost:3000/_next/static/chunks/node_modules_next_dist_client_523921._.js:13661
[  200362ms] [LOG] [Fast Refresh] rebuilding @ http://localhost:3000/_next/static/chunks/node_modules_next_dist_client_523921._.js:13661
[  200466ms] [LOG] [Fast Refresh] rebuilding @ http://localhost:3000/_next/static/chunks/node_modules_next_dist_client_523921._.js:13661
[  200556ms] [LOG] [Fast Refresh] rebuilding @ http://localhost:3000/_next/static/chunks/node_modules_next_dist_client_523921._.js:13661
[  202682ms] [LOG] [Fast Refresh] rebuilding @ http://localhost:3000/_next/static/chunks/node_modules_next_dist_client_523921._.js:13661
[  202739ms] [LOG] [Fast Refresh] rebuilding @ http://localhost:3000/_next/static/chunks/node_modules_next_dist_client_523921._.js:13661
[  202763ms] [LOG] [Fast Refresh] rebuilding @ http://localhost:3000/_next/static/chunks/node_modules_next_dist_client_523921._.js:13661
[  203166ms] [LOG] [Fast Refresh] rebuilding @ http://localhost:3000/_next/static/chunks/node_modules_next_dist_client_523921._.js:13661
[  203253ms] [LOG] [Fast Refresh] rebuilding @ http://localhost:3000/_next/static/chunks/node_modules_next_dist_client_523921._.js:13661
[  203602ms] [LOG] [Fast Refresh] rebuilding @ http://localhost:3000/_next/static/chunks/node_modules_next_dist_client_523921._.js:13661
[  206303ms] [LOG] [Fast Refresh] rebuilding @ http://localhost:3000/_next/static/chunks/node_modules_next_dist_client_523921._.js:13661
[  206304ms] [LOG] [Fast Refresh] rebuilding @ http://localhost:3000/_next/static/chunks/node_modules_next_dist_client_523921._.js:13661
[  206304ms] [LOG] [Fast Refresh] rebuilding @ http://localhost:3000/_next/static/chunks/node_modules_next_dist_client_523921._.js:13661
[  206305ms] [LOG] [Fast Refresh] rebuilding @ http://localhost:3000/_next/static/chunks/node_modules_next_dist_client_523921._.js:13661
[  206460ms] [LOG] [Fast Refresh] rebuilding @ http://localhost:3000/_next/static/chunks/node_modules_next_dist_client_523921._.js:13661
[  206461ms] [LOG] [Fast Refresh] rebuilding @ http://localhost:3000/_next/static/chunks/node_modules_next_dist_client_523921._.js:13661
[  206461ms] [LOG] [Fast Refresh] rebuilding @ http://localhost:3000/_next/static/chunks/node_modules_next_dist_client_523921._.js:13661
[  206591ms] [LOG] [Fast Refresh] rebuilding @ http://localhost:3000/_next/static/chunks/node_modules_next_dist_client_523921._.js:13661
[  206598ms] [LOG] [Fast Refresh] rebuilding @ http://localhost:3000/_next/static/chunks/node_modules_next_dist_client_523921._.js:13661
[  206599ms] [LOG] [Fast Refresh] rebuilding @ http://localhost:3000/_next/static/chunks/node_modules_next_dist_client_523921._.js:13661
[  206601ms] [LOG] [Fast Refresh] rebuilding @ http://localhost:3000/_next/static/chunks/node_modules_next_dist_client_523921._.js:13661
[  206641ms] [LOG] [Fast Refresh] rebuilding @ http://localhost:3000/_next/static/chunks/node_modules_next_dist_client_523921._.js:13661
[  206722ms] [LOG] [Fast Refresh] rebuilding @ http://localhost:3000/_next/static/chunks/node_modules_next_dist_client_523921._.js:13661
[  206722ms] [LOG] [Fast Refresh] rebuilding @ http://localhost:3000/_next/static/chunks/node_modules_next_dist_client_523921._.js:13661
[  206723ms] [LOG] [Fast Refresh] rebuilding @ http://localhost:3000/_next/static/chunks/node_modules_next_dist_client_523921._.js:13661
[  247050ms] [LOG] [Fast Refresh] rebuilding @ http://localhost:3000/_next/static/chunks/node_modules_next_dist_client_523921._.js:13661
[  247062ms] [LOG] [Fast Refresh] rebuilding @ http://localhost:3000/_next/static/chunks/node_modules_next_dist_client_523921._.js:13661
[  247141ms] [LOG] [Fast Refresh] rebuilding @ http://localhost:3000/_next/static/chunks/node_modules_next_dist_client_523921._.js:13661
[  280175ms] [LOG] [Fast Refresh] rebuilding @ http://localhost:3000/_next/static/chunks/node_modules_next_dist_client_523921._.js:13661
[  283090ms] [LOG] [Fast Refresh] done in 2914ms @ http://localhost:3000/_next/static/chunks/node_modules_next_dist_client_523921._.js:13488
[  284180ms] [LOG] [Fast Refresh] rebuilding @ http://localhost:3000/_next/static/chunks/node_modules_next_dist_client_523921._.js:13661
[  284199ms] [LOG] [Fast Refresh] rebuilding @ http://localhost:3000/_next/static/chunks/node_modules_next_dist_client_523921._.js:13661
[  296527ms] [LOG] [handleFileAction] file:rename @ http://localhost:3000/_next/static/chunks/components_shared_DocEditor_DocEditor_tsx_6fdc4e._.js?id=%255Bproject%255D%252Fcomponents%252Fshared%252FDocEditor%252FDocEditor.tsx+%255Bapp-client%255D+%2528ecmascript%2529:5252
[  296782ms] [LOG] [Fast Refresh] rebuilding @ http://localhost:3000/_next/static/chunks/node_modules_next_dist_client_523921._.js:13661
[  296916ms] [LOG] [Fast Refresh] rebuilding @ http://localhost:3000/_next/static/chunks/node_modules_next_dist_client_523921._.js:13661
[  296929ms] [LOG] [Fast Refresh] rebuilding @ http://localhost:3000/_next/static/chunks/node_modules_next_dist_client_523921._.js:13661
[  297032ms] [LOG] [Fast Refresh] rebuilding @ http://localhost:3000/_next/static/chunks/node_modules_next_dist_client_523921._.js:13661
[  297056ms] [LOG] [Fast Refresh] rebuilding @ http://localhost:3000/_next/static/chunks/node_modules_next_dist_client_523921._.js:13661
[  367218ms] [LOG] [Fast Refresh] rebuilding @ http://localhost:3000/_next/static/chunks/node_modules_next_dist_client_523921._.js:13661
[  370031ms] [LOG] [Fast Refresh] done in 2814ms @ http://localhost:3000/_next/static/chunks/node_modules_next_dist_client_523921._.js:13488
[  370770ms] [LOG] [Fast Refresh] rebuilding @ http://localhost:3000/_next/static/chunks/node_modules_next_dist_client_523921._.js:13661
[  375292ms] [LOG] [Fast Refresh] rebuilding @ http://localhost:3000/_next/static/chunks/node_modules_next_dist_client_523921._.js:13661
[  375397ms] [LOG] [Fast Refresh] rebuilding @ http://localhost:3000/_next/static/chunks/node_modules_next_dist_client_523921._.js:13661
[  379547ms] [LOG] [Fast Refresh] done in 4150ms @ http://localhost:3000/_next/static/chunks/node_modules_next_dist_client_523921._.js:13488
[  381027ms] [LOG] [Fast Refresh] rebuilding @ http://localhost:3000/_next/static/chunks/node_modules_next_dist_client_523921._.js:13661
[  381145ms] [LOG] [Fast Refresh] rebuilding @ http://localhost:3000/_next/static/chunks/node_modules_next_dist_client_523921._.js:13661
[  413978ms] [LOG] [Fast Refresh] rebuilding @ http://localhost:3000/_next/static/chunks/node_modules_next_dist_client_523921._.js:13661
[  413999ms] [LOG] [Fast Refresh] rebuilding @ http://localhost:3000/_next/static/chunks/node_modules_next_dist_client_523921._.js:13661
[  414076ms] [LOG] [Fast Refresh] rebuilding @ http://localhost:3000/_next/static/chunks/node_modules_next_dist_client_523921._.js:13661
[  441429ms] [LOG] [Fast Refresh] rebuilding @ http://localhost:3000/_next/static/chunks/node_modules_next_dist_client_523921._.js:13661
[  445140ms] [LOG] [Fast Refresh] rebuilding @ http://localhost:3000/_next/static/chunks/node_modules_next_dist_client_523921._.js:13661
[  553739ms] [LOG] [Fast Refresh] rebuilding @ http://localhost:3000/_next/static/chunks/node_modules_next_dist_client_523921._.js:13661
[  555742ms] [LOG] [Fast Refresh] done in 2002ms @ http://localhost:3000/_next/static/chunks/node_modules_next_dist_client_523921._.js:13488
[  556821ms] [LOG] [Fast Refresh] rebuilding @ http://localhost:3000/_next/static/chunks/node_modules_next_dist_client_523921._.js:13661
[  557003ms] [LOG] [Fast Refresh] rebuilding @ http://localhost:3000/_next/static/chunks/node_modules_next_dist_client_523921._.js:13661
[  557011ms] [LOG] [Fast Refresh] rebuilding @ http://localhost:3000/_next/static/chunks/node_modules_next_dist_client_523921._.js:13661
[  557012ms] [LOG] [Fast Refresh] rebuilding @ http://localhost:3000/_next/static/chunks/node_modules_next_dist_client_523921._.js:13661
[  558401ms] [LOG] [Fast Refresh] rebuilding @ http://localhost:3000/_next/static/chunks/node_modules_next_dist_client_523921._.js:13661
[  559440ms] [LOG] [Fast Refresh] rebuilding @ http://localhost:3000/_next/static/chunks/node_modules_next_dist_client_523921._.js:13661
[  559459ms] [LOG] [Fast Refresh] rebuilding @ http://localhost:3000/_next/static/chunks/node_modules_next_dist_client_523921._.js:13661
[  559625ms] [LOG] [Fast Refresh] rebuilding @ http://localhost:3000/_next/static/chunks/node_modules_next_dist_client_523921._.js:13661
[  560789ms] [LOG] [Fast Refresh] rebuilding @ http://localhost:3000/_next/static/chunks/node_modules_next_dist_client_523921._.js:13661
[  560802ms] [LOG] [Fast Refresh] rebuilding @ http://localhost:3000/_next/static/chunks/node_modules_next_dist_client_523921._.js:13661
[  560805ms] [LOG] [Fast Refresh] rebuilding @ http://localhost:3000/_next/static/chunks/node_modules_next_dist_client_523921._.js:13661
[  560872ms] [LOG] [Fast Refresh] rebuilding @ http://localhost:3000/_next/static/chunks/node_modules_next_dist_client_523921._.js:13661
[  560938ms] [LOG] [Fast Refresh] rebuilding @ http://localhost:3000/_next/static/chunks/node_modules_next_dist_client_523921._.js:13661
[  560976ms] [LOG] [Fast Refresh] rebuilding @ http://localhost:3000/_next/static/chunks/node_modules_next_dist_client_523921._.js:13661
[  562391ms] [LOG] [Fast Refresh] rebuilding @ http://localhost:3000/_next/static/chunks/node_modules_next_dist_client_523921._.js:13661
[  563588ms] [LOG] [Fast Refresh] rebuilding @ http://localhost:3000/_next/static/chunks/node_modules_next_dist_client_523921._.js:13661
[  564707ms] [LOG] [Fast Refresh] rebuilding @ http://localhost:3000/_next/static/chunks/node_modules_next_dist_client_523921._.js:13661
[  564743ms] [LOG] [Fast Refresh] rebuilding @ http://localhost:3000/_next/static/chunks/node_modules_next_dist_client_523921._.js:13661
[  565003ms] [LOG] [Fast Refresh] rebuilding @ http://localhost:3000/_next/static/chunks/node_modules_next_dist_client_523921._.js:13661
[  566014ms] [LOG] [Fast Refresh] rebuilding @ http://localhost:3000/_next/static/chunks/node_modules_next_dist_client_523921._.js:13661
[  566131ms] [LOG] [Fast Refresh] rebuilding @ http://localhost:3000/_next/static/chunks/node_modules_next_dist_client_523921._.js:13661
[  566136ms] [LOG] [Fast Refresh] rebuilding @ http://localhost:3000/_next/static/chunks/node_modules_next_dist_client_523921._.js:13661
[  566151ms] [LOG] [Fast Refresh] rebuilding @ http://localhost:3000/_next/static/chunks/node_modules_next_dist_client_523921._.js:13661
[  567225ms] [LOG] [Fast Refresh] rebuilding @ http://localhost:3000/_next/static/chunks/node_modules_next_dist_client_523921._.js:13661
[  567231ms] [LOG] [Fast Refresh] rebuilding @ http://localhost:3000/_next/static/chunks/node_modules_next_dist_client_523921._.js:13661
[  568670ms] [LOG] [Fast Refresh] rebuilding @ http://localhost:3000/_next/static/chunks/node_modules_next_dist_client_523921._.js:13661
[  568682ms] [LOG] [Fast Refresh] rebuilding @ http://localhost:3000/_next/static/chunks/node_modules_next_dist_client_523921._.js:13661
[  570023ms] [LOG] [Fast Refresh] rebuilding @ http://localhost:3000/_next/static/chunks/node_modules_next_dist_client_523921._.js:13661
[  570024ms] [LOG] [Fast Refresh] rebuilding @ http://localhost:3000/_next/static/chunks/node_modules_next_dist_client_523921._.js:13661
[  570978ms] [LOG] [Fast Refresh] rebuilding @ http://localhost:3000/_next/static/chunks/node_modules_next_dist_client_523921._.js:13661
[  570979ms] [LOG] [Fast Refresh] rebuilding @ http://localhost:3000/_next/static/chunks/node_modules_next_dist_client_523921._.js:13661
[  570996ms] [LOG] [Fast Refresh] rebuilding @ http://localhost:3000/_next/static/chunks/node_modules_next_dist_client_523921._.js:13661
[  571128ms] [LOG] [Fast Refresh] rebuilding @ http://localhost:3000/_next/static/chunks/node_modules_next_dist_client_523921._.js:13661
[  572489ms] [LOG] [Fast Refresh] rebuilding @ http://localhost:3000/_next/static/chunks/node_modules_next_dist_client_523921._.js:13661
[  574768ms] [LOG] [Fast Refresh] done in 2279ms @ http://localhost:3000/_next/static/chunks/node_modules_next_dist_client_523921._.js:13488
[  575848ms] [LOG] [Fast Refresh] rebuilding @ http://localhost:3000/_next/static/chunks/node_modules_next_dist_client_523921._.js:13661
[  575849ms] [LOG] [Fast Refresh] rebuilding @ http://localhost:3000/_next/static/chunks/node_modules_next_dist_client_523921._.js:13661
[  576549ms] [LOG] [Fast Refresh] rebuilding @ http://localhost:3000/_next/static/chunks/node_modules_next_dist_client_523921._.js:13661
[  576556ms] [LOG] [Fast Refresh] rebuilding @ http://localhost:3000/_next/static/chunks/node_modules_next_dist_client_523921._.js:13661
[  576559ms] [LOG] [Fast Refresh] rebuilding @ http://localhost:3000/_next/static/chunks/node_modules_next_dist_client_523921._.js:13661
[  576579ms] [LOG] [Fast Refresh] rebuilding @ http://localhost:3000/_next/static/chunks/node_modules_next_dist_client_523921._.js:13661
[  576718ms] [LOG] [Fast Refresh] rebuilding @ http://localhost:3000/_next/static/chunks/node_modules_next_dist_client_523921._.js:13661
[  578024ms] [LOG] [Fast Refresh] rebuilding @ http://localhost:3000/_next/static/chunks/node_modules_next_dist_client_523921._.js:13661
[  578045ms] [LOG] [Fast Refresh] rebuilding @ http://localhost:3000/_next/static/chunks/node_modules_next_dist_client_523921._.js:13661
[  579166ms] [LOG] [Fast Refresh] rebuilding @ http://localhost:3000/_next/static/chunks/node_modules_next_dist_client_523921._.js:13661
[  579169ms] [LOG] [Fast Refresh] rebuilding @ http://localhost:3000/_next/static/chunks/node_modules_next_dist_client_523921._.js:13661
[  579172ms] [LOG] [Fast Refresh] rebuilding @ http://localhost:3000/_next/static/chunks/node_modules_next_dist_client_523921._.js:13661
[  580342ms] [LOG] [Fast Refresh] rebuilding @ http://localhost:3000/_next/static/chunks/node_modules_next_dist_client_523921._.js:13661
[  580356ms] [LOG] [Fast Refresh] rebuilding @ http://localhost:3000/_next/static/chunks/node_modules_next_dist_client_523921._.js:13661
[  580362ms] [LOG] [Fast Refresh] rebuilding @ http://localhost:3000/_next/static/chunks/node_modules_next_dist_client_523921._.js:13661
[  581621ms] [LOG] [Fast Refresh] rebuilding @ http://localhost:3000/_next/static/chunks/node_modules_next_dist_client_523921._.js:13661
[  581627ms] [LOG] [Fast Refresh] rebuilding @ http://localhost:3000/_next/static/chunks/node_modules_next_dist_client_523921._.js:13661
[  583810ms] [LOG] [Fast Refresh] done in 2182ms @ http://localhost:3000/_next/static/chunks/node_modules_next_dist_client_523921._.js:13488
[  584717ms] [LOG] [Fast Refresh] done in 3089ms @ http://localhost:3000/_next/static/chunks/node_modules_next_dist_client_523921._.js:13488
[  585123ms] [LOG] [Fast Refresh] rebuilding @ http://localhost:3000/_next/static/chunks/node_modules_next_dist_client_523921._.js:13661
[  585226ms] [LOG] [Fast Refresh] rebuilding @ http://localhost:3000/_next/static/chunks/node_modules_next_dist_client_523921._.js:13661
[  585226ms] [LOG] [Fast Refresh] rebuilding @ http://localhost:3000/_next/static/chunks/node_modules_next_dist_client_523921._.js:13661
[  585226ms] [LOG] [Fast Refresh] rebuilding @ http://localhost:3000/_next/static/chunks/node_modules_next_dist_client_523921._.js:13661
[  585227ms] [LOG] [Fast Refresh] rebuilding @ http://localhost:3000/_next/static/chunks/node_modules_next_dist_client_523921._.js:13661
[  585227ms] [LOG] [Fast Refresh] rebuilding @ http://localhost:3000/_next/static/chunks/node_modules_next_dist_client_523921._.js:13661
[  586532ms] [LOG] [Fast Refresh] rebuilding @ http://localhost:3000/_next/static/chunks/node_modules_next_dist_client_523921._.js:13661
[  586538ms] [LOG] [Fast Refresh] rebuilding @ http://localhost:3000/_next/static/chunks/node_modules_next_dist_client_523921._.js:13661
[  586543ms] [LOG] [Fast Refresh] rebuilding @ http://localhost:3000/_next/static/chunks/node_modules_next_dist_client_523921._.js:13661
[  586544ms] [LOG] [Fast Refresh] rebuilding @ http://localhost:3000/_next/static/chunks/node_modules_next_dist_client_523921._.js:13661
[  587693ms] [LOG] [Fast Refresh] rebuilding @ http://localhost:3000/_next/static/chunks/node_modules_next_dist_client_523921._.js:13661
[  587709ms] [LOG] [Fast Refresh] rebuilding @ http://localhost:3000/_next/static/chunks/node_modules_next_dist_client_523921._.js:13661
[  588890ms] [LOG] [Fast Refresh] rebuilding @ http://localhost:3000/_next/static/chunks/node_modules_next_dist_client_523921._.js:13661
[  588913ms] [LOG] [Fast Refresh] rebuilding @ http://localhost:3000/_next/static/chunks/node_modules_next_dist_client_523921._.js:13661
[  590260ms] [LOG] [Fast Refresh] rebuilding @ http://localhost:3000/_next/static/chunks/node_modules_next_dist_client_523921._.js:13661
[  590300ms] [LOG] [Fast Refresh] rebuilding @ http://localhost:3000/_next/static/chunks/node_modules_next_dist_client_523921._.js:13661
[  591537ms] [LOG] [Fast Refresh] rebuilding @ http://localhost:3000/_next/static/chunks/node_modules_next_dist_client_523921._.js:13661
[  592613ms] [LOG] [Fast Refresh] rebuilding @ http://localhost:3000/_next/static/chunks/node_modules_next_dist_client_523921._.js:13661
[  592744ms] [LOG] [Fast Refresh] rebuilding @ http://localhost:3000/_next/static/chunks/node_modules_next_dist_client_523921._.js:13661
[  592754ms] [LOG] [Fast Refresh] rebuilding @ http://localhost:3000/_next/static/chunks/node_modules_next_dist_client_523921._.js:13661
[  593876ms] [LOG] [Fast Refresh] rebuilding @ http://localhost:3000/_next/static/chunks/node_modules_next_dist_client_523921._.js:13661
[  593894ms] [LOG] [Fast Refresh] rebuilding @ http://localhost:3000/_next/static/chunks/node_modules_next_dist_client_523921._.js:13661
[  594032ms] [LOG] [Fast Refresh] rebuilding @ http://localhost:3000/_next/static/chunks/node_modules_next_dist_client_523921._.js:13661
[  595454ms] [LOG] [Fast Refresh] rebuilding @ http://localhost:3000/_next/static/chunks/node_modules_next_dist_client_523921._.js:13661
[  596541ms] [LOG] [Fast Refresh] rebuilding @ http://localhost:3000/_next/static/chunks/node_modules_next_dist_client_523921._.js:13661
[  597599ms] [LOG] [Fast Refresh] rebuilding @ http://localhost:3000/_next/static/chunks/node_modules_next_dist_client_523921._.js:13661
[  597606ms] [LOG] [Fast Refresh] rebuilding @ http://localhost:3000/_next/static/chunks/node_modules_next_dist_client_523921._.js:13661
[  598921ms] [LOG] [Fast Refresh] rebuilding @ http://localhost:3000/_next/static/chunks/node_modules_next_dist_client_523921._.js:13661
[  598932ms] [LOG] [Fast Refresh] rebuilding @ http://localhost:3000/_next/static/chunks/node_modules_next_dist_client_523921._.js:13661
[  599068ms] [LOG] [Fast Refresh] rebuilding @ http://localhost:3000/_next/static/chunks/node_modules_next_dist_client_523921._.js:13661
[  600807ms] [LOG] [Fast Refresh] rebuilding @ http://localhost:3000/_next/static/chunks/node_modules_next_dist_client_523921._.js:13661
[  605551ms] [LOG] [Fast Refresh] rebuilding @ http://localhost:3000/_next/static/chunks/node_modules_next_dist_client_523921._.js:13661
[  605569ms] [LOG] [Fast Refresh] rebuilding @ http://localhost:3000/_next/static/chunks/node_modules_next_dist_client_523921._.js:13661
[  605830ms] [LOG] [Fast Refresh] rebuilding @ http://localhost:3000/_next/static/chunks/node_modules_next_dist_client_523921._.js:13661
[  605831ms] [LOG] [Fast Refresh] rebuilding @ http://localhost:3000/_next/static/chunks/node_modules_next_dist_client_523921._.js:13661
[  617143ms] [LOG] [Fast Refresh] rebuilding @ http://localhost:3000/_next/static/chunks/node_modules_next_dist_client_523921._.js:13661
[  617149ms] [LOG] [Fast Refresh] rebuilding @ http://localhost:3000/_next/static/chunks/node_modules_next_dist_client_523921._.js:13661
[  617149ms] [LOG] [Fast Refresh] rebuilding @ http://localhost:3000/_next/static/chunks/node_modules_next_dist_client_523921._.js:13661
[  617150ms] [LOG] [Fast Refresh] rebuilding @ http://localhost:3000/_next/static/chunks/node_modules_next_dist_client_523921._.js:13661
[  617150ms] [LOG] [Fast Refresh] rebuilding @ http://localhost:3000/_next/static/chunks/node_modules_next_dist_client_523921._.js:13661
[  617152ms] [LOG] [Fast Refresh] done in 1ms @ http://localhost:3000/_next/static/chunks/node_modules_next_dist_client_523921._.js:13488
[  617156ms] [LOG] [Fast Refresh] done in 5ms @ http://localhost:3000/_next/static/chunks/node_modules_next_dist_client_523921._.js:13488
[  624328ms] [LOG] [Fast Refresh] done in 7178ms @ http://localhost:3000/_next/static/chunks/node_modules_next_dist_client_523921._.js:13488
[  626489ms] [LOG] [Fast Refresh] rebuilding @ http://localhost:3000/_next/static/chunks/node_modules_next_dist_client_523921._.js:13661
[  626489ms] [LOG] [Fast Refresh] rebuilding @ http://localhost:3000/_next/static/chunks/node_modules_next_dist_client_523921._.js:13661
[  626490ms] [LOG] [Fast Refresh] rebuilding @ http://localhost:3000/_next/static/chunks/node_modules_next_dist_client_523921._.js:13661
[  626490ms] [LOG] [Fast Refresh] rebuilding @ http://localhost:3000/_next/static/chunks/node_modules_next_dist_client_523921._.js:13661
[  627989ms] [LOG] [Fast Refresh] rebuilding @ http://localhost:3000/_next/static/chunks/node_modules_next_dist_client_523921._.js:13661
[  627989ms] [LOG] [Fast Refresh] rebuilding @ http://localhost:3000/_next/static/chunks/node_modules_next_dist_client_523921._.js:13661
[  627990ms] [LOG] [Fast Refresh] rebuilding @ http://localhost:3000/_next/static/chunks/node_modules_next_dist_client_523921._.js:13661
[  627995ms] [LOG] [Fast Refresh] rebuilding @ http://localhost:3000/_next/static/chunks/node_modules_next_dist_client_523921._.js:13661
[  634404ms] [LOG] [Fast Refresh] rebuilding @ http://localhost:3000/_next/static/chunks/node_modules_next_dist_client_523921._.js:13661
[  634416ms] [LOG] [Fast Refresh] rebuilding @ http://localhost:3000/_next/static/chunks/node_modules_next_dist_client_523921._.js:13661
[  634715ms] [LOG] [Fast Refresh] rebuilding @ http://localhost:3000/_next/static/chunks/node_modules_next_dist_client_523921._.js:13661
[  634897ms] [LOG] [Fast Refresh] rebuilding @ http://localhost:3000/_next/static/chunks/node_modules_next_dist_client_523921._.js:13661
[  634897ms] [LOG] [Fast Refresh] rebuilding @ http://localhost:3000/_next/static/chunks/node_modules_next_dist_client_523921._.js:13661
[  634897ms] [LOG] [Fast Refresh] rebuilding @ http://localhost:3000/_next/static/chunks/node_modules_next_dist_client_523921._.js:13661
[  634898ms] [LOG] [Fast Refresh] rebuilding @ http://localhost:3000/_next/static/chunks/node_modules_next_dist_client_523921._.js:13661
[  638040ms] [LOG] [Fast Refresh] rebuilding @ http://localhost:3000/_next/static/chunks/node_modules_next_dist_client_523921._.js:13661
[  638042ms] [LOG] [Fast Refresh] rebuilding @ http://localhost:3000/_next/static/chunks/node_modules_next_dist_client_523921._.js:13661
[  638051ms] [LOG] [Fast Refresh] rebuilding @ http://localhost:3000/_next/static/chunks/node_modules_next_dist_client_523921._.js:13661
[  639926ms] [LOG] [Fast Refresh] rebuilding @ http://localhost:3000/_next/static/chunks/node_modules_next_dist_client_523921._.js:13661
[  639928ms] [LOG] [Fast Refresh] rebuilding @ http://localhost:3000/_next/static/chunks/node_modules_next_dist_client_523921._.js:13661
[  641740ms] [LOG] [Fast Refresh] rebuilding @ http://localhost:3000/_next/static/chunks/node_modules_next_dist_client_523921._.js:13661
[  641773ms] [LOG] [Fast Refresh] rebuilding @ http://localhost:3000/_next/static/chunks/node_modules_next_dist_client_523921._.js:13661
[  645374ms] [LOG] [Fast Refresh] rebuilding @ http://localhost:3000/_next/static/chunks/node_modules_next_dist_client_523921._.js:13661
[  645374ms] [LOG] [Fast Refresh] rebuilding @ http://localhost:3000/_next/static/chunks/node_modules_next_dist_client_523921._.js:13661
[  645375ms] [LOG] [Fast Refresh] rebuilding @ http://localhost:3000/_next/static/chunks/node_modules_next_dist_client_523921._.js:13661
[  645375ms] [LOG] [Fast Refresh] rebuilding @ http://localhost:3000/_next/static/chunks/node_modules_next_dist_client_523921._.js:13661
[  645375ms] [LOG] [Fast Refresh] rebuilding @ http://localhost:3000/_next/static/chunks/node_modules_next_dist_client_523921._.js:13661
[  647814ms] [LOG] [Fast Refresh] rebuilding @ http://localhost:3000/_next/static/chunks/node_modules_next_dist_client_523921._.js:13661
[  647815ms] [LOG] [Fast Refresh] rebuilding @ http://localhost:3000/_next/static/chunks/node_modules_next_dist_client_523921._.js:13661
[  647815ms] [LOG] [Fast Refresh] rebuilding @ http://localhost:3000/_next/static/chunks/node_modules_next_dist_client_523921._.js:13661
[  647827ms] [ERROR] Failed to fetch RSC payload for http://localhost:3000/doc-editor-test?id=doc-1775391982021-usm940. Falling back to browser navigation. TypeError: Failed to fetch
    at createFetch (http://localhost:3000/_next/static/chunks/node_modules_next_dist_client_523921._.js:1816:12)
    at fetchServerResponse (http://localhost:3000/_next/static/chunks/node_modules_next_dist_client_523921._.js:1736:27)
    at hmrRefreshReducerImpl (http://localhost:3000/_next/static/chunks/node_modules_next_dist_client_523921._.js:16477:67)
    at clientReducer (http://localhost:3000/_next/static/chunks/node_modules_next_dist_client_523921._.js:16948:65)
    at Object.action (http://localhost:3000/_next/static/chunks/node_modules_next_dist_4bb10e._.js:949:55)
    at runAction (http://localhost:3000/_next/static/chunks/node_modules_next_dist_4bb10e._.js:861:38)
    at runRemainingActions (http://localhost:3000/_next/static/chunks/node_modules_next_dist_4bb10e._.js:839:13)
    at handleResult (http://localhost:3000/_next/static/chunks/node_modules_next_dist_4bb10e._.js:868:9) @ http://localhost:3000/_next/static/chunks/node_modules_next_dist_client_523921._.js:989
[  648959ms] [INFO] %cDownload the React DevTools for a better development experience: https://react.dev/link/react-devtools font-weight:bold @ http://localhost:3000/_next/static/chunks/node_modules_next_dist_compiled_react-dom_1f56dc._.js:13948
[  653735ms] [LOG] MeetingsContext: Loaded meetings from localStorage 7 @ http://localhost:3000/_next/static/chunks/_0b03d8._.js:6317
[  653736ms] [LOG] TranscriptContext: Loaded requests from localStorage [] @ http://localhost:3000/_next/static/chunks/_0b03d8._.js:4358
[  653738ms] [LOG] Discipline Context: Loaded disciplinary actions from localStorage [] @ http://localhost:3000/_next/static/chunks/_0b03d8._.js:5729
[  653739ms] [LOG] Discipline Context: Loaded complaints from localStorage [] @ http://localhost:3000/_next/static/chunks/_0b03d8._.js:5734
[  653743ms] [LOG] Performance Context: Loaded reviews from localStorage [] @ http://localhost:3000/_next/static/chunks/_0b03d8._.js:5576
[  653745ms] [LOG] LeaveContext: Loaded requests from localStorage [] @ http://localhost:3000/_next/static/chunks/_0b03d8._.js:5100
[  653746ms] [LOG] TransferContext: Loaded requests from localStorage [] @ http://localhost:3000/_next/static/chunks/_0b03d8._.js:4206
[  653869ms] [LOG] MeetingsContext: Saved meetings to localStorage 7 @ http://localhost:3000/_next/static/chunks/_0b03d8._.js:6337
[  653870ms] [LOG] TranscriptContext: Saved requests to localStorage [] @ http://localhost:3000/_next/static/chunks/_0b03d8._.js:4376
[  653872ms] [LOG] Discipline Context: Saved disciplinary actions to localStorage [] @ http://localhost:3000/_next/static/chunks/_0b03d8._.js:5755
[  653873ms] [LOG] Discipline Context: Saved complaints to localStorage [] @ http://localhost:3000/_next/static/chunks/_0b03d8._.js:5771
[  653874ms] [LOG] Performance Context: Saved to localStorage [] @ http://localhost:3000/_next/static/chunks/_0b03d8._.js:5595
[  653876ms] [LOG] LeaveContext: Saved requests to localStorage [] @ http://localhost:3000/_next/static/chunks/_0b03d8._.js:5118
[  653877ms] [LOG] TransferContext: Saved requests to localStorage [] @ http://localhost:3000/_next/static/chunks/_0b03d8._.js:4224
[  654189ms] [LOG] [Fast Refresh] rebuilding @ http://localhost:3000/_next/static/chunks/node_modules_next_dist_client_523921._.js:13661
[  654192ms] [LOG] [Fast Refresh] rebuilding @ http://localhost:3000/_next/static/chunks/node_modules_next_dist_client_523921._.js:13661
[  654194ms] [LOG] [Fast Refresh] rebuilding @ http://localhost:3000/_next/static/chunks/node_modules_next_dist_client_523921._.js:13661
[  654212ms] [LOG] [Fast Refresh] rebuilding @ http://localhost:3000/_next/static/chunks/node_modules_next_dist_client_523921._.js:13661
[  654267ms] [LOG] [Fast Refresh] rebuilding @ http://localhost:3000/_next/static/chunks/node_modules_next_dist_client_523921._.js:13661
[  654332ms] [LOG] [Fast Refresh] rebuilding @ http://localhost:3000/_next/static/chunks/node_modules_next_dist_client_523921._.js:13661
[  654378ms] [LOG] [Fast Refresh] rebuilding @ http://localhost:3000/_next/static/chunks/node_modules_next_dist_client_523921._.js:13661
