[     600ms] [ERROR] In HTML, %s cannot be a descendant of <%s>.
This will cause a hydration error.%s <button> button 

  ...
    <HTTPAccessFallbackBoundary notFound={undefined} forbidden={undefined} unauthorized={undefined}>
      <RedirectBoundary>
        <RedirectErrorBoundary router={{...}}>
          <InnerLayoutRouter parallelRouterKey="children" url="/drive" tree={[...]} childNodes={Map} segmentPath={[...]} ...>
            <ClientPageRoot Component={function DrivePage} searchParams={{}} params={{}}>
              <DrivePage params={Promise} searchParams={Promise}>
                <MainLayout>
                  <div className="flex h-scr..." style={{...}}>
                    <div>
                    <div className="flex-1 fle...">
                      <div>
                      <main className="flex-1 ove...">
                        <div className="max-w-[120...">
                          <div>
                          <div>
                          <div>
                          <div className="mb-6">
                            <h3>
                            <div className="grid grid-...">
>                             <button
>                               onClick={function onClick}
>                               className="group relative flex items-center gap-3 px-4 py-3.5 rounded-xl bg-white dark..."
>                             >
                                <div>
                                <div>
                                <div className="absolute t...">
>                                 <button
>                                   onClick={function onClick}
>                                   className="p-1 rounded-md hover:bg-gray-100 dark:hover:bg-white/10 cursor-pointer"
>                                 >
                              ...
            ...
 @ webpack-internal:///(app-pages-browser)/./node_modules/next/dist/client/components/globals/intercept-console-error.js:50
[   20586ms] [ERROR] ./app/drive/page.tsx
Error:   x Unexpected token `MainLayout`. Expected jsx identifier
     ,-[C:\Users\eyite\educo\app\drive\page.tsx:164:1]
 161 |   };
 162 | 
 163 |   return (
 164 |     <MainLayout>
     :      ^^^^^^^^^^
 165 |       <div className="max-w-[1200px] mx-auto">
 166 | 
 167 |         {/* ── Header ── */}
     `----

Caused by:
    Syntax Error

Import trace for requested module:
./app/drive/page.tsx @ webpack-internal:///(app-pages-browser)/./node_modules/next/dist/client/components/globals/intercept-console-error.js:50
[   21343ms] [ERROR] ./app/drive/page.tsx
Error:   x Unexpected token `MainLayout`. Expected jsx identifier
     ,-[C:\Users\eyite\educo\app\drive\page.tsx:164:1]
 161 |   };
 162 | 
 163 |   return (
 164 |     <MainLayout>
     :      ^^^^^^^^^^
 165 |       <div className="max-w-[1200px] mx-auto">
 166 | 
 167 |         {/* ── Header ── */}
     `----

Caused by:
    Syntax Error

Import trace for requested module:
./app/drive/page.tsx @ webpack-internal:///(app-pages-browser)/./node_modules/next/dist/client/components/globals/intercept-console-error.js:50
[   37640ms] [ERROR] ./app/drive/page.tsx
Error:   x Unexpected token `MainLayout`. Expected jsx identifier
     ,-[C:\Users\eyite\educo\app\drive\page.tsx:164:1]
 161 |   };
 162 | 
 163 |   return (
 164 |     <MainLayout>
     :      ^^^^^^^^^^
 165 |       <div className="max-w-[1200px] mx-auto">
 166 | 
 167 |         {/* ── Header ── */}
     `----

Caused by:
    Syntax Error

Import trace for requested module:
./app/drive/page.tsx @ webpack-internal:///(app-pages-browser)/./node_modules/next/dist/client/components/globals/intercept-console-error.js:50
[   41387ms] [ERROR] Failed to load resource: the server responded with a status of 500 (Internal Server Error) @ http://localhost:3000/drive?_rsc=1daq8:0
[   43299ms] [ERROR] ./app/drive/page.tsx
Error:   x Unexpected token `MainLayout`. Expected jsx identifier
     ,-[C:\Users\eyite\educo\app\drive\page.tsx:164:1]
 161 |   };
 162 | 
 163 |   return (
 164 |     <MainLayout>
     :      ^^^^^^^^^^
 165 |       <div className="max-w-[1200px] mx-auto">
 166 | 
 167 |         {/* ── Header ── */}
     `----

Caused by:
    Syntax Error

Import trace for requested module:
./app/drive/page.tsx @ webpack-internal:///(app-pages-browser)/./node_modules/next/dist/client/components/globals/intercept-console-error.js:50
[   49086ms] [ERROR] Failed to load resource: the server responded with a status of 500 (Internal Server Error) @ http://localhost:3000/drive?_rsc=1daq8:0
[   51075ms] [WARNING] [HMR] unexpected require((app-pages-browser)/./app/drive/page.tsx) to disposed module @ http://localhost:3000/_next/static/chunks/webpack.js?v=1774163448155:1014
[   52670ms] [WARNING] [Fast Refresh] performing full reload

Fast Refresh will perform a full reload when you edit a file that's imported by modules outside of the React rendering tree.
You might have a file which exports a React component but also exports a value that is imported by a non-React component file.
Consider migrating the non-React component export to a separate file and importing it into both files.

It is also possible the parent component of the component you edited is a class component, which disables Fast Refresh.
Fast Refresh requires at least one parent function component in your React tree. @ webpack-internal:///(app-pages-browser)/./node_modules/next/dist/client/components/react-dev-overlay/app/hot-reloader-client.js:138
