[  108880ms] [ERROR] ./components/shared/FileBrowser/FileBrowser.tsx
Error:   x Unexpected token `div`. Expected jsx identifier
     ,-[C:\Users\eyite\educo\components\shared\FileBrowser\FileBrowser.tsx:254:1]
 251 |   const toggleSort = (field: "name" | "modified" | "size") => { if (sortField === field) setSortAsc(!sortAsc); else { setSortField(field); setSortAsc(true); } };
 252 | 
 253 |   return (
 254 |     <div className={`flex gap-0 ${className}`}>
     :      ^^^
 255 |       {/* ══════ LEFT SIDEBAR — absolutely fixed, never scrolls ══════ */}
 256 |       {sidebarItems && sidebarItems.length > 0 && (
 257 |         <>
     `----

Caused by:
    Syntax Error

Import trace for requested module:
./components/shared/FileBrowser/FileBrowser.tsx
./app/drive/page.tsx @ webpack-internal:///(app-pages-browser)/./node_modules/next/dist/client/components/globals/intercept-console-error.js:50
[  138117ms] [ERROR] ./components/shared/FileBrowser/FileBrowser.tsx
Error:   x Unexpected token `div`. Expected jsx identifier
     ,-[C:\Users\eyite\educo\components\shared\FileBrowser\FileBrowser.tsx:254:1]
 251 |   const toggleSort = (field: "name" | "modified" | "size") => { if (sortField === field) setSortAsc(!sortAsc); else { setSortField(field); setSortAsc(true); } };
 252 | 
 253 |   return (
 254 |     <div className={`flex gap-0 ${className}`}>
     :      ^^^
 255 |       {/* ══════ LEFT SIDEBAR — absolutely fixed, never scrolls ══════ */}
 256 |       {sidebarItems && sidebarItems.length > 0 && (
 257 |         <>
     `----

Caused by:
    Syntax Error

Import trace for requested module:
./components/shared/FileBrowser/FileBrowser.tsx
./app/drive/page.tsx @ webpack-internal:///(app-pages-browser)/./node_modules/next/dist/client/components/globals/intercept-console-error.js:50
[  138342ms] [ERROR] ./components/shared/FileBrowser/FileBrowser.tsx
Error:   x Unexpected token `div`. Expected jsx identifier
     ,-[C:\Users\eyite\educo\components\shared\FileBrowser\FileBrowser.tsx:254:1]
 251 |   const toggleSort = (field: "name" | "modified" | "size") => { if (sortField === field) setSortAsc(!sortAsc); else { setSortField(field); setSortAsc(true); } };
 252 | 
 253 |   return (
 254 |     <div className={`flex gap-0 ${className}`}>
     :      ^^^
 255 |       {/* ══════ LEFT SIDEBAR — absolutely fixed, never scrolls ══════ */}
 256 |       {sidebarItems && sidebarItems.length > 0 && (
 257 |         <>
     `----

Caused by:
    Syntax Error

Import trace for requested module:
./components/shared/FileBrowser/FileBrowser.tsx
./app/drive/page.tsx @ webpack-internal:///(app-pages-browser)/./node_modules/next/dist/client/components/globals/intercept-console-error.js:50
[  153043ms] [ERROR] ./components/shared/FileBrowser/FileBrowser.tsx
Error:   x Unexpected token `div`. Expected jsx identifier
     ,-[C:\Users\eyite\educo\components\shared\FileBrowser\FileBrowser.tsx:254:1]
 251 |   const toggleSort = (field: "name" | "modified" | "size") => { if (sortField === field) setSortAsc(!sortAsc); else { setSortField(field); setSortAsc(true); } };
 252 | 
 253 |   return (
 254 |     <div className={`flex gap-0 ${className}`}>
     :      ^^^
 255 |       {/* ══════ LEFT SIDEBAR — absolutely fixed, never scrolls ══════ */}
 256 |       {sidebarItems && sidebarItems.length > 0 && (
 257 |         <>
     `----

Caused by:
    Syntax Error

Import trace for requested module:
./components/shared/FileBrowser/FileBrowser.tsx
./app/drive/page.tsx @ webpack-internal:///(app-pages-browser)/./node_modules/next/dist/client/components/globals/intercept-console-error.js:50
