[    1730ms] [INFO] %cDownload the React DevTools for a better development experience: https://react.dev/link/react-devtools font-weight:bold @ http://localhost:3000/_next/static/chunks/node_modules_next_dist_compiled_react-dom_1f56dc._.js:13948
[    1985ms] [LOG] MeetingsContext: Loaded meetings from localStorage 7 @ http://localhost:3000/_next/static/chunks/_0b03d8._.js:6317
[    1987ms] [LOG] TranscriptContext: Loaded requests from localStorage [] @ http://localhost:3000/_next/static/chunks/_0b03d8._.js:4358
[    1988ms] [LOG] Discipline Context: Loaded disciplinary actions from localStorage [] @ http://localhost:3000/_next/static/chunks/_0b03d8._.js:5729
[    1989ms] [LOG] Discipline Context: Loaded complaints from localStorage [] @ http://localhost:3000/_next/static/chunks/_0b03d8._.js:5734
[    1990ms] [LOG] Performance Context: Loaded reviews from localStorage [] @ http://localhost:3000/_next/static/chunks/_0b03d8._.js:5576
[    1991ms] [LOG] LeaveContext: Loaded requests from localStorage [] @ http://localhost:3000/_next/static/chunks/_0b03d8._.js:5100
[    1992ms] [LOG] TransferContext: Loaded requests from localStorage [] @ http://localhost:3000/_next/static/chunks/_0b03d8._.js:4206
[    2145ms] [LOG] MeetingsContext: Saved meetings to localStorage 7 @ http://localhost:3000/_next/static/chunks/_0b03d8._.js:6337
[    2147ms] [LOG] TranscriptContext: Saved requests to localStorage [] @ http://localhost:3000/_next/static/chunks/_0b03d8._.js:4376
[    2148ms] [LOG] Discipline Context: Saved disciplinary actions to localStorage [] @ http://localhost:3000/_next/static/chunks/_0b03d8._.js:5755
[    2149ms] [LOG] Discipline Context: Saved complaints to localStorage [] @ http://localhost:3000/_next/static/chunks/_0b03d8._.js:5771
[    2150ms] [LOG] Performance Context: Saved to localStorage [] @ http://localhost:3000/_next/static/chunks/_0b03d8._.js:5595
[    2151ms] [LOG] LeaveContext: Saved requests to localStorage [] @ http://localhost:3000/_next/static/chunks/_0b03d8._.js:5118
[    2153ms] [LOG] TransferContext: Saved requests to localStorage [] @ http://localhost:3000/_next/static/chunks/_0b03d8._.js:4224
[    2358ms] [LOG] [Fast Refresh] rebuilding @ http://localhost:3000/_next/static/chunks/node_modules_next_dist_client_523921._.js:13661
[    2358ms] [LOG] [Fast Refresh] rebuilding @ http://localhost:3000/_next/static/chunks/node_modules_next_dist_client_523921._.js:13661
[    2445ms] [LOG] [Fast Refresh] rebuilding @ http://localhost:3000/_next/static/chunks/node_modules_next_dist_client_523921._.js:13661
[    2452ms] [LOG] [Fast Refresh] rebuilding @ http://localhost:3000/_next/static/chunks/node_modules_next_dist_client_523921._.js:13661
[    3576ms] [LOG] [Fast Refresh] rebuilding @ http://localhost:3000/_next/static/chunks/node_modules_next_dist_client_523921._.js:13661
[    3662ms] [LOG] [Fast Refresh] rebuilding @ http://localhost:3000/_next/static/chunks/node_modules_next_dist_client_523921._.js:13661
[    4861ms] [LOG] [Fast Refresh] rebuilding @ http://localhost:3000/_next/static/chunks/node_modules_next_dist_client_523921._.js:13661
[    5991ms] [LOG] [Fast Refresh] rebuilding @ http://localhost:3000/_next/static/chunks/node_modules_next_dist_client_523921._.js:13661
[    6037ms] [LOG] [Fast Refresh] rebuilding @ http://localhost:3000/_next/static/chunks/node_modules_next_dist_client_523921._.js:13661
[    6146ms] [LOG] [Fast Refresh] rebuilding @ http://localhost:3000/_next/static/chunks/node_modules_next_dist_client_523921._.js:13661
[    7382ms] [LOG] [Fast Refresh] rebuilding @ http://localhost:3000/_next/static/chunks/node_modules_next_dist_client_523921._.js:13661
[    8482ms] [LOG] [Fast Refresh] rebuilding @ http://localhost:3000/_next/static/chunks/node_modules_next_dist_client_523921._.js:13661
[    8485ms] [LOG] [Fast Refresh] rebuilding @ http://localhost:3000/_next/static/chunks/node_modules_next_dist_client_523921._.js:13661
[    8524ms] [LOG] [Fast Refresh] rebuilding @ http://localhost:3000/_next/static/chunks/node_modules_next_dist_client_523921._.js:13661
[    8541ms] [LOG] [Fast Refresh] rebuilding @ http://localhost:3000/_next/static/chunks/node_modules_next_dist_client_523921._.js:13661
[    8587ms] [LOG] [Fast Refresh] rebuilding @ http://localhost:3000/_next/static/chunks/node_modules_next_dist_client_523921._.js:13661
[    9911ms] [LOG] [Fast Refresh] rebuilding @ http://localhost:3000/_next/static/chunks/node_modules_next_dist_client_523921._.js:13661
[    9938ms] [LOG] [Fast Refresh] rebuilding @ http://localhost:3000/_next/static/chunks/node_modules_next_dist_client_523921._.js:13661
[   11341ms] [LOG] [Fast Refresh] rebuilding @ http://localhost:3000/_next/static/chunks/node_modules_next_dist_client_523921._.js:13661
[   11380ms] [LOG] [Fast Refresh] rebuilding @ http://localhost:3000/_next/static/chunks/node_modules_next_dist_client_523921._.js:13661
[   11473ms] [LOG] [Fast Refresh] rebuilding @ http://localhost:3000/_next/static/chunks/node_modules_next_dist_client_523921._.js:13661
[   11511ms] [LOG] [Fast Refresh] rebuilding @ http://localhost:3000/_next/static/chunks/node_modules_next_dist_client_523921._.js:13661
[   12708ms] [LOG] [Fast Refresh] rebuilding @ http://localhost:3000/_next/static/chunks/node_modules_next_dist_client_523921._.js:13661
[   12714ms] [LOG] [Fast Refresh] rebuilding @ http://localhost:3000/_next/static/chunks/node_modules_next_dist_client_523921._.js:13661
[   12720ms] [LOG] [Fast Refresh] rebuilding @ http://localhost:3000/_next/static/chunks/node_modules_next_dist_client_523921._.js:13661
[   14047ms] [LOG] [Fast Refresh] rebuilding @ http://localhost:3000/_next/static/chunks/node_modules_next_dist_client_523921._.js:13661
[   14088ms] [LOG] [Fast Refresh] rebuilding @ http://localhost:3000/_next/static/chunks/node_modules_next_dist_client_523921._.js:13661
[   14135ms] [LOG] [Fast Refresh] rebuilding @ http://localhost:3000/_next/static/chunks/node_modules_next_dist_client_523921._.js:13661
[   15110ms] [LOG] [Fast Refresh] rebuilding @ http://localhost:3000/_next/static/chunks/node_modules_next_dist_client_523921._.js:13661
[   16161ms] [LOG] [Fast Refresh] rebuilding @ http://localhost:3000/_next/static/chunks/node_modules_next_dist_client_523921._.js:13661
[   16207ms] [LOG] [Fast Refresh] rebuilding @ http://localhost:3000/_next/static/chunks/node_modules_next_dist_client_523921._.js:13661
[   16229ms] [LOG] [Fast Refresh] rebuilding @ http://localhost:3000/_next/static/chunks/node_modules_next_dist_client_523921._.js:13661
[   17365ms] [LOG] [Fast Refresh] rebuilding @ http://localhost:3000/_next/static/chunks/node_modules_next_dist_client_523921._.js:13661
[   17409ms] [LOG] [Fast Refresh] rebuilding @ http://localhost:3000/_next/static/chunks/node_modules_next_dist_client_523921._.js:13661
[   64839ms] [LOG] [Fast Refresh] rebuilding @ http://localhost:3000/_next/static/chunks/node_modules_next_dist_client_523921._.js:13661
[   64858ms] [LOG] [Fast Refresh] rebuilding @ http://localhost:3000/_next/static/chunks/node_modules_next_dist_client_523921._.js:13661
[   64905ms] [LOG] [Fast Refresh] rebuilding @ http://localhost:3000/_next/static/chunks/node_modules_next_dist_client_523921._.js:13661
[   82754ms] [LOG] [Fast Refresh] rebuilding @ http://localhost:3000/_next/static/chunks/node_modules_next_dist_client_523921._.js:13661
[   82764ms] [LOG] [Fast Refresh] rebuilding @ http://localhost:3000/_next/static/chunks/node_modules_next_dist_client_523921._.js:13661
[   82796ms] [LOG] [Fast Refresh] rebuilding @ http://localhost:3000/_next/static/chunks/node_modules_next_dist_client_523921._.js:13661
[   84460ms] [LOG] [Fast Refresh] rebuilding @ http://localhost:3000/_next/static/chunks/node_modules_next_dist_client_523921._.js:13661
[   84535ms] [LOG] [Fast Refresh] rebuilding @ http://localhost:3000/_next/static/chunks/node_modules_next_dist_client_523921._.js:13661
[   85401ms] [LOG] [Fast Refresh] rebuilding @ http://localhost:3000/_next/static/chunks/node_modules_next_dist_client_523921._.js:13661
[   85411ms] [LOG] [Fast Refresh] rebuilding @ http://localhost:3000/_next/static/chunks/node_modules_next_dist_client_523921._.js:13661
[   85637ms] [LOG] [Fast Refresh] rebuilding @ http://localhost:3000/_next/static/chunks/node_modules_next_dist_client_523921._.js:13661
[   85732ms] [LOG] [Fast Refresh] rebuilding @ http://localhost:3000/_next/static/chunks/node_modules_next_dist_client_523921._.js:13661
[   85795ms] [LOG] [Fast Refresh] rebuilding @ http://localhost:3000/_next/static/chunks/node_modules_next_dist_client_523921._.js:13661
[   85856ms] [LOG] [Fast Refresh] rebuilding @ http://localhost:3000/_next/static/chunks/node_modules_next_dist_client_523921._.js:13661
[  110883ms] [LOG] [Fast Refresh] rebuilding @ http://localhost:3000/_next/static/chunks/node_modules_next_dist_client_523921._.js:13661
[  576164ms] [LOG] [Fast Refresh] rebuilding @ http://localhost:3000/_next/static/chunks/node_modules_next_dist_client_523921._.js:13661
[  577167ms] [LOG] [Fast Refresh] done in 1003ms @ http://localhost:3000/_next/static/chunks/node_modules_next_dist_client_523921._.js:13488
[  577299ms] [LOG] [Fast Refresh] rebuilding @ http://localhost:3000/_next/static/chunks/node_modules_next_dist_client_523921._.js:13661
