[      31ms] [LOG] [Fast Refresh] rebuilding @ http://localhost:3000/_next/static/chunks/node_modules_next_dist_client_523921._.js:13661
[     146ms] [LOG] [Fast Refresh] rebuilding @ http://localhost:3000/_next/static/chunks/node_modules_next_dist_client_523921._.js:13661
[     211ms] [LOG] [Fast Refresh] rebuilding @ http://localhost:3000/_next/static/chunks/node_modules_next_dist_client_523921._.js:13661
[    2038ms] [LOG] [Fast Refresh] rebuilding @ http://localhost:3000/_next/static/chunks/node_modules_next_dist_client_523921._.js:13661
[    2274ms] [INFO] %cDownload the React DevTools for a better development experience: https://react.dev/link/react-devtools font-weight:bold @ http://localhost:3000/_next/static/chunks/node_modules_next_dist_compiled_react-dom_1f56dc._.js:13948
[    2360ms] [LOG] MeetingsContext: Loaded meetings from localStorage 7 @ http://localhost:3000/_next/static/chunks/_0b03d8._.js:6317
[    2361ms] [LOG] TranscriptContext: Loaded requests from localStorage [] @ http://localhost:3000/_next/static/chunks/_0b03d8._.js:4358
[    2363ms] [LOG] Discipline Context: Loaded disciplinary actions from localStorage [] @ http://localhost:3000/_next/static/chunks/_0b03d8._.js:5729
[    2364ms] [LOG] Discipline Context: Loaded complaints from localStorage [] @ http://localhost:3000/_next/static/chunks/_0b03d8._.js:5734
[    2365ms] [LOG] Performance Context: Loaded reviews from localStorage [] @ http://localhost:3000/_next/static/chunks/_0b03d8._.js:5576
[    2366ms] [LOG] LeaveContext: Loaded requests from localStorage [] @ http://localhost:3000/_next/static/chunks/_0b03d8._.js:5100
[    2367ms] [LOG] TransferContext: Loaded requests from localStorage [] @ http://localhost:3000/_next/static/chunks/_0b03d8._.js:4206
[    2440ms] [LOG] MeetingsContext: Saved meetings to localStorage 7 @ http://localhost:3000/_next/static/chunks/_0b03d8._.js:6337
[    2441ms] [LOG] TranscriptContext: Saved requests to localStorage [] @ http://localhost:3000/_next/static/chunks/_0b03d8._.js:4376
[    2442ms] [LOG] Discipline Context: Saved disciplinary actions to localStorage [] @ http://localhost:3000/_next/static/chunks/_0b03d8._.js:5755
[    2443ms] [LOG] Discipline Context: Saved complaints to localStorage [] @ http://localhost:3000/_next/static/chunks/_0b03d8._.js:5771
[    2444ms] [LOG] Performance Context: Saved to localStorage [] @ http://localhost:3000/_next/static/chunks/_0b03d8._.js:5595
[    2445ms] [LOG] LeaveContext: Saved requests to localStorage [] @ http://localhost:3000/_next/static/chunks/_0b03d8._.js:5118
[    2447ms] [LOG] TransferContext: Saved requests to localStorage [] @ http://localhost:3000/_next/static/chunks/_0b03d8._.js:4224
[    2678ms] [LOG] [Fast Refresh] rebuilding @ http://localhost:3000/_next/static/chunks/node_modules_next_dist_client_523921._.js:13661
[    2680ms] [LOG] [Fast Refresh] rebuilding @ http://localhost:3000/_next/static/chunks/node_modules_next_dist_client_523921._.js:13661
[    2681ms] [LOG] [Fast Refresh] rebuilding @ http://localhost:3000/_next/static/chunks/node_modules_next_dist_client_523921._.js:13661
[    2840ms] [LOG] [Fast Refresh] rebuilding @ http://localhost:3000/_next/static/chunks/node_modules_next_dist_client_523921._.js:13661
[   66136ms] [LOG] [Fast Refresh] rebuilding @ http://localhost:3000/_next/static/chunks/node_modules_next_dist_client_523921._.js:13661
[   79598ms] [LOG] [Fast Refresh] rebuilding @ http://localhost:3000/_next/static/chunks/node_modules_next_dist_client_523921._.js:13661
[   97215ms] [LOG] [Fast Refresh] rebuilding @ http://localhost:3000/_next/static/chunks/node_modules_next_dist_client_523921._.js:13661
[  104391ms] [LOG] [Fast Refresh] rebuilding @ http://localhost:3000/_next/static/chunks/node_modules_next_dist_client_523921._.js:13661
[  104404ms] [LOG] [Fast Refresh] rebuilding @ http://localhost:3000/_next/static/chunks/node_modules_next_dist_client_523921._.js:13661
[  104482ms] [LOG] [Fast Refresh] rebuilding @ http://localhost:3000/_next/static/chunks/node_modules_next_dist_client_523921._.js:13661
[  104534ms] [LOG] [Fast Refresh] rebuilding @ http://localhost:3000/_next/static/chunks/node_modules_next_dist_client_523921._.js:13661
[  321365ms] [LOG] [Fast Refresh] rebuilding @ http://localhost:3000/_next/static/chunks/node_modules_next_dist_client_523921._.js:13661
[  323962ms] [LOG] [Fast Refresh] done in 2597ms @ http://localhost:3000/_next/static/chunks/node_modules_next_dist_client_523921._.js:13488
[  324886ms] [LOG] [Fast Refresh] rebuilding @ http://localhost:3000/_next/static/chunks/node_modules_next_dist_client_523921._.js:13661
[  325121ms] [LOG] [Fast Refresh] rebuilding @ http://localhost:3000/_next/static/chunks/node_modules_next_dist_client_523921._.js:13661
[  326222ms] [LOG] [Fast Refresh] rebuilding @ http://localhost:3000/_next/static/chunks/node_modules_next_dist_client_523921._.js:13661
[  326225ms] [LOG] [Fast Refresh] rebuilding @ http://localhost:3000/_next/static/chunks/node_modules_next_dist_client_523921._.js:13661
[  326226ms] [LOG] [Fast Refresh] rebuilding @ http://localhost:3000/_next/static/chunks/node_modules_next_dist_client_523921._.js:13661
[  327265ms] [LOG] [Fast Refresh] rebuilding @ http://localhost:3000/_next/static/chunks/node_modules_next_dist_client_523921._.js:13661
[  327302ms] [LOG] [Fast Refresh] rebuilding @ http://localhost:3000/_next/static/chunks/node_modules_next_dist_client_523921._.js:13661
[  327422ms] [LOG] [Fast Refresh] rebuilding @ http://localhost:3000/_next/static/chunks/node_modules_next_dist_client_523921._.js:13661
[  328624ms] [LOG] [Fast Refresh] rebuilding @ http://localhost:3000/_next/static/chunks/node_modules_next_dist_client_523921._.js:13661
[  329796ms] [LOG] [Fast Refresh] rebuilding @ http://localhost:3000/_next/static/chunks/node_modules_next_dist_client_523921._.js:13661
[  329804ms] [LOG] [Fast Refresh] rebuilding @ http://localhost:3000/_next/static/chunks/node_modules_next_dist_client_523921._.js:13661
[  333183ms] [LOG] [Fast Refresh] done in 3378ms @ http://localhost:3000/_next/static/chunks/node_modules_next_dist_client_523921._.js:13488
[  333969ms] [LOG] [Fast Refresh] rebuilding @ http://localhost:3000/_next/static/chunks/node_modules_next_dist_client_523921._.js:13661
[  334286ms] [LOG] [Fast Refresh] rebuilding @ http://localhost:3000/_next/static/chunks/node_modules_next_dist_client_523921._.js:13661
[  334287ms] [LOG] [Fast Refresh] rebuilding @ http://localhost:3000/_next/static/chunks/node_modules_next_dist_client_523921._.js:13661
[  334291ms] [LOG] [Fast Refresh] rebuilding @ http://localhost:3000/_next/static/chunks/node_modules_next_dist_client_523921._.js:13661
[  334292ms] [LOG] [Fast Refresh] rebuilding @ http://localhost:3000/_next/static/chunks/node_modules_next_dist_client_523921._.js:13661
[  334310ms] [LOG] [Fast Refresh] rebuilding @ http://localhost:3000/_next/static/chunks/node_modules_next_dist_client_523921._.js:13661
[  334314ms] [LOG] [Fast Refresh] rebuilding @ http://localhost:3000/_next/static/chunks/node_modules_next_dist_client_523921._.js:13661
[  334318ms] [LOG] [Fast Refresh] rebuilding @ http://localhost:3000/_next/static/chunks/node_modules_next_dist_client_523921._.js:13661
[  335089ms] [LOG] [Fast Refresh] rebuilding @ http://localhost:3000/_next/static/chunks/node_modules_next_dist_client_523921._.js:13661
[  335104ms] [LOG] [Fast Refresh] rebuilding @ http://localhost:3000/_next/static/chunks/node_modules_next_dist_client_523921._.js:13661
[  335232ms] [LOG] [Fast Refresh] rebuilding @ http://localhost:3000/_next/static/chunks/node_modules_next_dist_client_523921._.js:13661
[  335360ms] [LOG] [Fast Refresh] rebuilding @ http://localhost:3000/_next/static/chunks/node_modules_next_dist_client_523921._.js:13661
[  337626ms] [LOG] [Fast Refresh] rebuilding @ http://localhost:3000/_next/static/chunks/node_modules_next_dist_client_523921._.js:13661
[  339011ms] [LOG] [Fast Refresh] rebuilding @ http://localhost:3000/_next/static/chunks/node_modules_next_dist_client_523921._.js:13661
[  339038ms] [LOG] [Fast Refresh] rebuilding @ http://localhost:3000/_next/static/chunks/node_modules_next_dist_client_523921._.js:13661
[  340279ms] [LOG] [Fast Refresh] rebuilding @ http://localhost:3000/_next/static/chunks/node_modules_next_dist_client_523921._.js:13661
[  341313ms] [LOG] [Fast Refresh] rebuilding @ http://localhost:3000/_next/static/chunks/node_modules_next_dist_client_523921._.js:13661
[  341333ms] [LOG] [Fast Refresh] rebuilding @ http://localhost:3000/_next/static/chunks/node_modules_next_dist_client_523921._.js:13661
[  341453ms] [LOG] [Fast Refresh] rebuilding @ http://localhost:3000/_next/static/chunks/node_modules_next_dist_client_523921._.js:13661
[  342535ms] [LOG] [Fast Refresh] rebuilding @ http://localhost:3000/_next/static/chunks/node_modules_next_dist_client_523921._.js:13661
[  343635ms] [LOG] [Fast Refresh] rebuilding @ http://localhost:3000/_next/static/chunks/node_modules_next_dist_client_523921._.js:13661
[  343647ms] [LOG] [Fast Refresh] rebuilding @ http://localhost:3000/_next/static/chunks/node_modules_next_dist_client_523921._.js:13661
[  344848ms] [LOG] [Fast Refresh] rebuilding @ http://localhost:3000/_next/static/chunks/node_modules_next_dist_client_523921._.js:13661
[  344872ms] [LOG] [Fast Refresh] rebuilding @ http://localhost:3000/_next/static/chunks/node_modules_next_dist_client_523921._.js:13661
[  344887ms] [LOG] [Fast Refresh] rebuilding @ http://localhost:3000/_next/static/chunks/node_modules_next_dist_client_523921._.js:13661
[  344926ms] [LOG] [Fast Refresh] rebuilding @ http://localhost:3000/_next/static/chunks/node_modules_next_dist_client_523921._.js:13661
[  346138ms] [LOG] [Fast Refresh] rebuilding @ http://localhost:3000/_next/static/chunks/node_modules_next_dist_client_523921._.js:13661
[  346146ms] [LOG] [Fast Refresh] rebuilding @ http://localhost:3000/_next/static/chunks/node_modules_next_dist_client_523921._.js:13661
[  348087ms] [LOG] [Fast Refresh] done in 1941ms @ http://localhost:3000/_next/static/chunks/node_modules_next_dist_client_523921._.js:13488
[  349078ms] [LOG] [Fast Refresh] rebuilding @ http://localhost:3000/_next/static/chunks/node_modules_next_dist_client_523921._.js:13661
[  349079ms] [LOG] [Fast Refresh] rebuilding @ http://localhost:3000/_next/static/chunks/node_modules_next_dist_client_523921._.js:13661
[  349079ms] [LOG] [Fast Refresh] rebuilding @ http://localhost:3000/_next/static/chunks/node_modules_next_dist_client_523921._.js:13661
[  349086ms] [LOG] [Fast Refresh] rebuilding @ http://localhost:3000/_next/static/chunks/node_modules_next_dist_client_523921._.js:13661
[  350215ms] [LOG] [Fast Refresh] rebuilding @ http://localhost:3000/_next/static/chunks/node_modules_next_dist_client_523921._.js:13661
[  350218ms] [LOG] [Fast Refresh] rebuilding @ http://localhost:3000/_next/static/chunks/node_modules_next_dist_client_523921._.js:13661
[  350232ms] [LOG] [Fast Refresh] rebuilding @ http://localhost:3000/_next/static/chunks/node_modules_next_dist_client_523921._.js:13661
[  351444ms] [LOG] [Fast Refresh] rebuilding @ http://localhost:3000/_next/static/chunks/node_modules_next_dist_client_523921._.js:13661
[  351450ms] [LOG] [Fast Refresh] rebuilding @ http://localhost:3000/_next/static/chunks/node_modules_next_dist_client_523921._.js:13661
[  352851ms] [LOG] [Fast Refresh] rebuilding @ http://localhost:3000/_next/static/chunks/node_modules_next_dist_client_523921._.js:13661
[  352863ms] [LOG] [Fast Refresh] rebuilding @ http://localhost:3000/_next/static/chunks/node_modules_next_dist_client_523921._.js:13661
[  353012ms] [LOG] [Fast Refresh] rebuilding @ http://localhost:3000/_next/static/chunks/node_modules_next_dist_client_523921._.js:13661
[  354247ms] [LOG] [Fast Refresh] rebuilding @ http://localhost:3000/_next/static/chunks/node_modules_next_dist_client_523921._.js:13661
[  355292ms] [LOG] [Fast Refresh] rebuilding @ http://localhost:3000/_next/static/chunks/node_modules_next_dist_client_523921._.js:13661
[  355301ms] [LOG] [Fast Refresh] rebuilding @ http://localhost:3000/_next/static/chunks/node_modules_next_dist_client_523921._.js:13661
[  356487ms] [LOG] [Fast Refresh] rebuilding @ http://localhost:3000/_next/static/chunks/node_modules_next_dist_client_523921._.js:13661
[  356514ms] [LOG] [Fast Refresh] rebuilding @ http://localhost:3000/_next/static/chunks/node_modules_next_dist_client_523921._.js:13661
[  357815ms] [LOG] [Fast Refresh] rebuilding @ http://localhost:3000/_next/static/chunks/node_modules_next_dist_client_523921._.js:13661
[  357817ms] [LOG] [Fast Refresh] rebuilding @ http://localhost:3000/_next/static/chunks/node_modules_next_dist_client_523921._.js:13661
[  359136ms] [LOG] [Fast Refresh] rebuilding @ http://localhost:3000/_next/static/chunks/node_modules_next_dist_client_523921._.js:13661
[  360051ms] [LOG] [Fast Refresh] rebuilding @ http://localhost:3000/_next/static/chunks/node_modules_next_dist_client_523921._.js:13661
[  360059ms] [LOG] [Fast Refresh] rebuilding @ http://localhost:3000/_next/static/chunks/node_modules_next_dist_client_523921._.js:13661
[  360125ms] [LOG] [Fast Refresh] rebuilding @ http://localhost:3000/_next/static/chunks/node_modules_next_dist_client_523921._.js:13661
[  361317ms] [LOG] [Fast Refresh] rebuilding @ http://localhost:3000/_next/static/chunks/node_modules_next_dist_client_523921._.js:13661
[  361343ms] [LOG] [Fast Refresh] rebuilding @ http://localhost:3000/_next/static/chunks/node_modules_next_dist_client_523921._.js:13661
[  368150ms] [LOG] [Fast Refresh] rebuilding @ http://localhost:3000/_next/static/chunks/node_modules_next_dist_client_523921._.js:13661
[  369865ms] [LOG] [Fast Refresh] done in 1716ms @ http://localhost:3000/_next/static/chunks/node_modules_next_dist_client_523921._.js:13488
[  370356ms] [LOG] [Fast Refresh] rebuilding @ http://localhost:3000/_next/static/chunks/node_modules_next_dist_client_523921._.js:13661
[  371629ms] [LOG] [Fast Refresh] rebuilding @ http://localhost:3000/_next/static/chunks/node_modules_next_dist_client_523921._.js:13661
[  373014ms] [LOG] [Fast Refresh] rebuilding @ http://localhost:3000/_next/static/chunks/node_modules_next_dist_client_523921._.js:13661
[  374014ms] [LOG] [Fast Refresh] rebuilding @ http://localhost:3000/_next/static/chunks/node_modules_next_dist_client_523921._.js:13661
[  374036ms] [LOG] [Fast Refresh] rebuilding @ http://localhost:3000/_next/static/chunks/node_modules_next_dist_client_523921._.js:13661
[  374088ms] [LOG] [Fast Refresh] rebuilding @ http://localhost:3000/_next/static/chunks/node_modules_next_dist_client_523921._.js:13661
[  374326ms] [LOG] [Fast Refresh] rebuilding @ http://localhost:3000/_next/static/chunks/node_modules_next_dist_client_523921._.js:13661
[  375580ms] [LOG] [Fast Refresh] rebuilding @ http://localhost:3000/_next/static/chunks/node_modules_next_dist_client_523921._.js:13661
[  375592ms] [LOG] [Fast Refresh] rebuilding @ http://localhost:3000/_next/static/chunks/node_modules_next_dist_client_523921._.js:13661
[  377782ms] [LOG] [Fast Refresh] rebuilding @ http://localhost:3000/_next/static/chunks/node_modules_next_dist_client_523921._.js:13661
[  377782ms] [LOG] [Fast Refresh] rebuilding @ http://localhost:3000/_next/static/chunks/node_modules_next_dist_client_523921._.js:13661
[  377797ms] [LOG] [Fast Refresh] rebuilding @ http://localhost:3000/_next/static/chunks/node_modules_next_dist_client_523921._.js:13661
[  377933ms] [LOG] [Fast Refresh] rebuilding @ http://localhost:3000/_next/static/chunks/node_modules_next_dist_client_523921._.js:13661
[  377965ms] [LOG] [Fast Refresh] rebuilding @ http://localhost:3000/_next/static/chunks/node_modules_next_dist_client_523921._.js:13661
[  379279ms] [LOG] [Fast Refresh] rebuilding @ http://localhost:3000/_next/static/chunks/node_modules_next_dist_client_523921._.js:13661
[  380328ms] [LOG] [Fast Refresh] rebuilding @ http://localhost:3000/_next/static/chunks/node_modules_next_dist_client_523921._.js:13661
[  380332ms] [LOG] [Fast Refresh] rebuilding @ http://localhost:3000/_next/static/chunks/node_modules_next_dist_client_523921._.js:13661
[  381441ms] [LOG] [Fast Refresh] rebuilding @ http://localhost:3000/_next/static/chunks/node_modules_next_dist_client_523921._.js:13661
[  381631ms] [LOG] [Fast Refresh] rebuilding @ http://localhost:3000/_next/static/chunks/node_modules_next_dist_client_523921._.js:13661
[  381638ms] [LOG] [Fast Refresh] rebuilding @ http://localhost:3000/_next/static/chunks/node_modules_next_dist_client_523921._.js:13661
[  382737ms] [LOG] [Fast Refresh] rebuilding @ http://localhost:3000/_next/static/chunks/node_modules_next_dist_client_523921._.js:13661
[  382743ms] [LOG] [Fast Refresh] rebuilding @ http://localhost:3000/_next/static/chunks/node_modules_next_dist_client_523921._.js:13661
[  382757ms] [LOG] [Fast Refresh] rebuilding @ http://localhost:3000/_next/static/chunks/node_modules_next_dist_client_523921._.js:13661
[  382889ms] [LOG] [Fast Refresh] rebuilding @ http://localhost:3000/_next/static/chunks/node_modules_next_dist_client_523921._.js:13661
[  384245ms] [LOG] [Fast Refresh] rebuilding @ http://localhost:3000/_next/static/chunks/node_modules_next_dist_client_523921._.js:13661
[  386263ms] [LOG] [Fast Refresh] rebuilding @ http://localhost:3000/_next/static/chunks/node_modules_next_dist_client_523921._.js:13661
[  390219ms] [LOG] [Fast Refresh] rebuilding @ http://localhost:3000/_next/static/chunks/node_modules_next_dist_client_523921._.js:13661
[  390382ms] [LOG] [Fast Refresh] rebuilding @ http://localhost:3000/_next/static/chunks/node_modules_next_dist_client_523921._.js:13661
[  390400ms] [LOG] [Fast Refresh] rebuilding @ http://localhost:3000/_next/static/chunks/node_modules_next_dist_client_523921._.js:13661
[  390629ms] [LOG] [Fast Refresh] rebuilding @ http://localhost:3000/_next/static/chunks/node_modules_next_dist_client_523921._.js:13661
[  390780ms] [LOG] [Fast Refresh] rebuilding @ http://localhost:3000/_next/static/chunks/node_modules_next_dist_client_523921._.js:13661
[  390794ms] [LOG] [Fast Refresh] rebuilding @ http://localhost:3000/_next/static/chunks/node_modules_next_dist_client_523921._.js:13661
[  390992ms] [LOG] [Fast Refresh] rebuilding @ http://localhost:3000/_next/static/chunks/node_modules_next_dist_client_523921._.js:13661
[  391159ms] [LOG] [Fast Refresh] rebuilding @ http://localhost:3000/_next/static/chunks/node_modules_next_dist_client_523921._.js:13661
[  391186ms] [LOG] [Fast Refresh] rebuilding @ http://localhost:3000/_next/static/chunks/node_modules_next_dist_client_523921._.js:13661
[  391310ms] [LOG] [Fast Refresh] rebuilding @ http://localhost:3000/_next/static/chunks/node_modules_next_dist_client_523921._.js:13661
[  391494ms] [LOG] [Fast Refresh] rebuilding @ http://localhost:3000/_next/static/chunks/node_modules_next_dist_client_523921._.js:13661
[  391657ms] [LOG] [Fast Refresh] rebuilding @ http://localhost:3000/_next/static/chunks/node_modules_next_dist_client_523921._.js:13661
[  391657ms] [LOG] [Fast Refresh] rebuilding @ http://localhost:3000/_next/static/chunks/node_modules_next_dist_client_523921._.js:13661
[  391826ms] [LOG] [Fast Refresh] rebuilding @ http://localhost:3000/_next/static/chunks/node_modules_next_dist_client_523921._.js:13661
[  392009ms] [LOG] [Fast Refresh] rebuilding @ http://localhost:3000/_next/static/chunks/node_modules_next_dist_client_523921._.js:13661
[  392192ms] [LOG] [Fast Refresh] rebuilding @ http://localhost:3000/_next/static/chunks/node_modules_next_dist_client_523921._.js:13661
[  392330ms] [LOG] [Fast Refresh] rebuilding @ http://localhost:3000/_next/static/chunks/node_modules_next_dist_client_523921._.js:13661
[  395789ms] [LOG] [Fast Refresh] rebuilding @ http://localhost:3000/_next/static/chunks/node_modules_next_dist_client_523921._.js:13661
[  395809ms] [LOG] [Fast Refresh] rebuilding @ http://localhost:3000/_next/static/chunks/node_modules_next_dist_client_523921._.js:13661
[  400045ms] [LOG] [Fast Refresh] rebuilding @ http://localhost:3000/_next/static/chunks/node_modules_next_dist_client_523921._.js:13661
[  400180ms] [LOG] [Fast Refresh] rebuilding @ http://localhost:3000/_next/static/chunks/node_modules_next_dist_client_523921._.js:13661
[  400185ms] [LOG] [Fast Refresh] rebuilding @ http://localhost:3000/_next/static/chunks/node_modules_next_dist_client_523921._.js:13661
[  400562ms] [LOG] [Fast Refresh] rebuilding @ http://localhost:3000/_next/static/chunks/node_modules_next_dist_client_523921._.js:13661
[  402136ms] [LOG] [Fast Refresh] rebuilding @ http://localhost:3000/_next/static/chunks/node_modules_next_dist_client_523921._.js:13661
[  402137ms] [LOG] [Fast Refresh] rebuilding @ http://localhost:3000/_next/static/chunks/node_modules_next_dist_client_523921._.js:13661
[  402877ms] [LOG] [Fast Refresh] rebuilding @ http://localhost:3000/_next/static/chunks/node_modules_next_dist_client_523921._.js:13661
[  402885ms] [LOG] [Fast Refresh] rebuilding @ http://localhost:3000/_next/static/chunks/node_modules_next_dist_client_523921._.js:13661
[  402885ms] [LOG] [Fast Refresh] rebuilding @ http://localhost:3000/_next/static/chunks/node_modules_next_dist_client_523921._.js:13661
[  402886ms] [LOG] [Fast Refresh] rebuilding @ http://localhost:3000/_next/static/chunks/node_modules_next_dist_client_523921._.js:13661
[  402886ms] [LOG] [Fast Refresh] rebuilding @ http://localhost:3000/_next/static/chunks/node_modules_next_dist_client_523921._.js:13661
[  402886ms] [LOG] [Fast Refresh] rebuilding @ http://localhost:3000/_next/static/chunks/node_modules_next_dist_client_523921._.js:13661
[  402886ms] [LOG] [Fast Refresh] rebuilding @ http://localhost:3000/_next/static/chunks/node_modules_next_dist_client_523921._.js:13661
[  402886ms] [LOG] [Fast Refresh] rebuilding @ http://localhost:3000/_next/static/chunks/node_modules_next_dist_client_523921._.js:13661
[  402886ms] [LOG] [Fast Refresh] rebuilding @ http://localhost:3000/_next/static/chunks/node_modules_next_dist_client_523921._.js:13661
[  408139ms] [LOG] [Fast Refresh] rebuilding @ http://localhost:3000/_next/static/chunks/node_modules_next_dist_client_523921._.js:13661
[  408143ms] [LOG] [Fast Refresh] rebuilding @ http://localhost:3000/_next/static/chunks/node_modules_next_dist_client_523921._.js:13661
[  408145ms] [LOG] [Fast Refresh] rebuilding @ http://localhost:3000/_next/static/chunks/node_modules_next_dist_client_523921._.js:13661
[  408149ms] [LOG] [Fast Refresh] rebuilding @ http://localhost:3000/_next/static/chunks/node_modules_next_dist_client_523921._.js:13661
[  408152ms] [LOG] [Fast Refresh] rebuilding @ http://localhost:3000/_next/static/chunks/node_modules_next_dist_client_523921._.js:13661
[  408155ms] [LOG] [Fast Refresh] rebuilding @ http://localhost:3000/_next/static/chunks/node_modules_next_dist_client_523921._.js:13661
[  408155ms] [LOG] [Fast Refresh] rebuilding @ http://localhost:3000/_next/static/chunks/node_modules_next_dist_client_523921._.js:13661
[  408158ms] [LOG] [Fast Refresh] rebuilding @ http://localhost:3000/_next/static/chunks/node_modules_next_dist_client_523921._.js:13661
[  409273ms] [LOG] [Fast Refresh] done in 1116ms @ http://localhost:3000/_next/static/chunks/node_modules_next_dist_client_523921._.js:13488
[  411018ms] [LOG] [Fast Refresh] rebuilding @ http://localhost:3000/_next/static/chunks/node_modules_next_dist_client_523921._.js:13661
[  411187ms] [LOG] [Fast Refresh] rebuilding @ http://localhost:3000/_next/static/chunks/node_modules_next_dist_client_523921._.js:13661
[  411191ms] [LOG] [Fast Refresh] rebuilding @ http://localhost:3000/_next/static/chunks/node_modules_next_dist_client_523921._.js:13661
[  411231ms] [LOG] [Fast Refresh] rebuilding @ http://localhost:3000/_next/static/chunks/node_modules_next_dist_client_523921._.js:13661
[  411234ms] [LOG] [Fast Refresh] rebuilding @ http://localhost:3000/_next/static/chunks/node_modules_next_dist_client_523921._.js:13661
[  411235ms] [LOG] [Fast Refresh] rebuilding @ http://localhost:3000/_next/static/chunks/node_modules_next_dist_client_523921._.js:13661
[  411305ms] [LOG] [Fast Refresh] rebuilding @ http://localhost:3000/_next/static/chunks/node_modules_next_dist_client_523921._.js:13661
[  411307ms] [LOG] [Fast Refresh] rebuilding @ http://localhost:3000/_next/static/chunks/node_modules_next_dist_client_523921._.js:13661
[  411676ms] [LOG] [Fast Refresh] rebuilding @ http://localhost:3000/_next/static/chunks/node_modules_next_dist_client_523921._.js:13661
[  411681ms] [LOG] [Fast Refresh] rebuilding @ http://localhost:3000/_next/static/chunks/node_modules_next_dist_client_523921._.js:13661
[  411693ms] [LOG] [Fast Refresh] rebuilding @ http://localhost:3000/_next/static/chunks/node_modules_next_dist_client_523921._.js:13661
[  411838ms] [LOG] [Fast Refresh] rebuilding @ http://localhost:3000/_next/static/chunks/node_modules_next_dist_client_523921._.js:13661
[  412012ms] [LOG] [Fast Refresh] rebuilding @ http://localhost:3000/_next/static/chunks/node_modules_next_dist_client_523921._.js:13661
[  415603ms] [LOG] [Fast Refresh] rebuilding @ http://localhost:3000/_next/static/chunks/node_modules_next_dist_client_523921._.js:13661
[  415789ms] [LOG] [Fast Refresh] rebuilding @ http://localhost:3000/_next/static/chunks/node_modules_next_dist_client_523921._.js:13661
[  417077ms] [LOG] [Fast Refresh] rebuilding @ http://localhost:3000/_next/static/chunks/node_modules_next_dist_client_523921._.js:13661
[  417087ms] [LOG] [Fast Refresh] rebuilding @ http://localhost:3000/_next/static/chunks/node_modules_next_dist_client_523921._.js:13661
[  417092ms] [LOG] [Fast Refresh] rebuilding @ http://localhost:3000/_next/static/chunks/node_modules_next_dist_client_523921._.js:13661
[  418300ms] [LOG] [Fast Refresh] rebuilding @ http://localhost:3000/_next/static/chunks/node_modules_next_dist_client_523921._.js:13661
[  418363ms] [LOG] [Fast Refresh] rebuilding @ http://localhost:3000/_next/static/chunks/node_modules_next_dist_client_523921._.js:13661
[  418470ms] [LOG] [Fast Refresh] rebuilding @ http://localhost:3000/_next/static/chunks/node_modules_next_dist_client_523921._.js:13661
[  418470ms] [LOG] [Fast Refresh] rebuilding @ http://localhost:3000/_next/static/chunks/node_modules_next_dist_client_523921._.js:13661
[  419710ms] [LOG] [Fast Refresh] rebuilding @ http://localhost:3000/_next/static/chunks/node_modules_next_dist_client_523921._.js:13661
[  419721ms] [LOG] [Fast Refresh] rebuilding @ http://localhost:3000/_next/static/chunks/node_modules_next_dist_client_523921._.js:13661
[  419735ms] [LOG] [Fast Refresh] rebuilding @ http://localhost:3000/_next/static/chunks/node_modules_next_dist_client_523921._.js:13661
[  420915ms] [LOG] [Fast Refresh] rebuilding @ http://localhost:3000/_next/static/chunks/node_modules_next_dist_client_523921._.js:13661
[  420939ms] [LOG] [Fast Refresh] rebuilding @ http://localhost:3000/_next/static/chunks/node_modules_next_dist_client_523921._.js:13661
[  421023ms] [LOG] [Fast Refresh] rebuilding @ http://localhost:3000/_next/static/chunks/node_modules_next_dist_client_523921._.js:13661
[  422359ms] [LOG] [Fast Refresh] rebuilding @ http://localhost:3000/_next/static/chunks/node_modules_next_dist_client_523921._.js:13661
[  422363ms] [LOG] [Fast Refresh] rebuilding @ http://localhost:3000/_next/static/chunks/node_modules_next_dist_client_523921._.js:13661
[  422371ms] [LOG] [Fast Refresh] rebuilding @ http://localhost:3000/_next/static/chunks/node_modules_next_dist_client_523921._.js:13661
[  422375ms] [LOG] [Fast Refresh] rebuilding @ http://localhost:3000/_next/static/chunks/node_modules_next_dist_client_523921._.js:13661
[  422391ms] [LOG] [Fast Refresh] rebuilding @ http://localhost:3000/_next/static/chunks/node_modules_next_dist_client_523921._.js:13661
[  422426ms] [LOG] [Fast Refresh] rebuilding @ http://localhost:3000/_next/static/chunks/node_modules_next_dist_client_523921._.js:13661
[  423114ms] [LOG] [Fast Refresh] rebuilding @ http://localhost:3000/_next/static/chunks/node_modules_next_dist_client_523921._.js:13661
[  423214ms] [LOG] [Fast Refresh] rebuilding @ http://localhost:3000/_next/static/chunks/node_modules_next_dist_client_523921._.js:13661
[  423319ms] [LOG] [Fast Refresh] rebuilding @ http://localhost:3000/_next/static/chunks/node_modules_next_dist_client_523921._.js:13661
[  440932ms] [LOG] [Fast Refresh] rebuilding @ http://localhost:3000/_next/static/chunks/node_modules_next_dist_client_523921._.js:13661
[  441050ms] [LOG] [Fast Refresh] rebuilding @ http://localhost:3000/_next/static/chunks/node_modules_next_dist_client_523921._.js:13661
[  441121ms] [LOG] [Fast Refresh] rebuilding @ http://localhost:3000/_next/static/chunks/node_modules_next_dist_client_523921._.js:13661
[  443491ms] [LOG] [Fast Refresh] rebuilding @ http://localhost:3000/_next/static/chunks/node_modules_next_dist_client_523921._.js:13661
[  443649ms] [LOG] [Fast Refresh] rebuilding @ http://localhost:3000/_next/static/chunks/node_modules_next_dist_client_523921._.js:13661
[  443668ms] [LOG] [Fast Refresh] rebuilding @ http://localhost:3000/_next/static/chunks/node_modules_next_dist_client_523921._.js:13661
[  443729ms] [LOG] [Fast Refresh] rebuilding @ http://localhost:3000/_next/static/chunks/node_modules_next_dist_client_523921._.js:13661
[  443821ms] [LOG] [Fast Refresh] rebuilding @ http://localhost:3000/_next/static/chunks/node_modules_next_dist_client_523921._.js:13661
[  443865ms] [LOG] [Fast Refresh] rebuilding @ http://localhost:3000/_next/static/chunks/node_modules_next_dist_client_523921._.js:13661
[  444122ms] [LOG] [Fast Refresh] rebuilding @ http://localhost:3000/_next/static/chunks/node_modules_next_dist_client_523921._.js:13661
[  444814ms] [LOG] [Fast Refresh] rebuilding @ http://localhost:3000/_next/static/chunks/node_modules_next_dist_client_523921._.js:13661
[  444856ms] [LOG] [Fast Refresh] rebuilding @ http://localhost:3000/_next/static/chunks/node_modules_next_dist_client_523921._.js:13661
[  444932ms] [LOG] [Fast Refresh] rebuilding @ http://localhost:3000/_next/static/chunks/node_modules_next_dist_client_523921._.js:13661
[  444963ms] [LOG] [Fast Refresh] rebuilding @ http://localhost:3000/_next/static/chunks/node_modules_next_dist_client_523921._.js:13661
[  444971ms] [LOG] [Fast Refresh] rebuilding @ http://localhost:3000/_next/static/chunks/node_modules_next_dist_client_523921._.js:13661
[  444980ms] [LOG] [Fast Refresh] rebuilding @ http://localhost:3000/_next/static/chunks/node_modules_next_dist_client_523921._.js:13661
[  444987ms] [LOG] [Fast Refresh] rebuilding @ http://localhost:3000/_next/static/chunks/node_modules_next_dist_client_523921._.js:13661
[  445003ms] [LOG] [Fast Refresh] rebuilding @ http://localhost:3000/_next/static/chunks/node_modules_next_dist_client_523921._.js:13661
[  445021ms] [LOG] [Fast Refresh] rebuilding @ http://localhost:3000/_next/static/chunks/node_modules_next_dist_client_523921._.js:13661
[  445028ms] [LOG] [Fast Refresh] rebuilding @ http://localhost:3000/_next/static/chunks/node_modules_next_dist_client_523921._.js:13661
[  445035ms] [LOG] [Fast Refresh] rebuilding @ http://localhost:3000/_next/static/chunks/node_modules_next_dist_client_523921._.js:13661
[  446216ms] [LOG] [Fast Refresh] rebuilding @ http://localhost:3000/_next/static/chunks/node_modules_next_dist_client_523921._.js:13661
[  450471ms] [ERROR] ./components/shared/DocEditor/DocEditor.tsx:5050:6
Parsing ecmascript source code failed
  5048 |
  5049 |   return (
> 5050 |     <MenuCloseContext.Provider value={closeMenus}>
       |      ^^^^^^^^^^^^^^^^
  5051 |     <SubmenuCloseContext.Provider value={() => setOpenSubmenu(null)}>
  5052 |       <div
  5053 |         ref={rootRef}

Unexpected token `MenuCloseContext`. Expected jsx identifier @ http://localhost:3000/_next/static/chunks/node_modules_next_dist_client_523921._.js:989
[  450586ms] [LOG] [Fast Refresh] rebuilding @ http://localhost:3000/_next/static/chunks/node_modules_next_dist_client_523921._.js:13661
[  450743ms] [ERROR] ./components/shared/DocEditor/DocEditor.tsx:5050:6
Parsing ecmascript source code failed
  5048 |
  5049 |   return (
> 5050 |     <MenuCloseContext.Provider value={closeMenus}>
       |      ^^^^^^^^^^^^^^^^
  5051 |     <SubmenuCloseContext.Provider value={() => setOpenSubmenu(null)}>
  5052 |       <div
  5053 |         ref={rootRef}

Unexpected token `MenuCloseContext`. Expected jsx identifier @ http://localhost:3000/_next/static/chunks/node_modules_next_dist_client_523921._.js:989
[  450752ms] [LOG] [Fast Refresh] rebuilding @ http://localhost:3000/_next/static/chunks/node_modules_next_dist_client_523921._.js:13661
[  450967ms] [ERROR] ./components/shared/DocEditor/DocEditor.tsx:5050:6
Parsing ecmascript source code failed
  5048 |
  5049 |   return (
> 5050 |     <MenuCloseContext.Provider value={closeMenus}>
       |      ^^^^^^^^^^^^^^^^
  5051 |     <SubmenuCloseContext.Provider value={() => setOpenSubmenu(null)}>
  5052 |       <div
  5053 |         ref={rootRef}

Unexpected token `MenuCloseContext`. Expected jsx identifier @ http://localhost:3000/_next/static/chunks/node_modules_next_dist_client_523921._.js:989
[  450968ms] [LOG] [Fast Refresh] rebuilding @ http://localhost:3000/_next/static/chunks/node_modules_next_dist_client_523921._.js:13661
[  451192ms] [ERROR] ./components/shared/DocEditor/DocEditor.tsx:5050:6
Parsing ecmascript source code failed
  5048 |
  5049 |   return (
> 5050 |     <MenuCloseContext.Provider value={closeMenus}>
       |      ^^^^^^^^^^^^^^^^
  5051 |     <SubmenuCloseContext.Provider value={() => setOpenSubmenu(null)}>
  5052 |       <div
  5053 |         ref={rootRef}

Unexpected token `MenuCloseContext`. Expected jsx identifier @ http://localhost:3000/_next/static/chunks/node_modules_next_dist_client_523921._.js:989
[  451193ms] [LOG] [Fast Refresh] rebuilding @ http://localhost:3000/_next/static/chunks/node_modules_next_dist_client_523921._.js:13661
[  451374ms] [ERROR] ./components/shared/DocEditor/DocEditor.tsx:5050:6
Parsing ecmascript source code failed
  5048 |
  5049 |   return (
> 5050 |     <MenuCloseContext.Provider value={closeMenus}>
       |      ^^^^^^^^^^^^^^^^
  5051 |     <SubmenuCloseContext.Provider value={() => setOpenSubmenu(null)}>
  5052 |       <div
  5053 |         ref={rootRef}

Unexpected token `MenuCloseContext`. Expected jsx identifier @ http://localhost:3000/_next/static/chunks/node_modules_next_dist_client_523921._.js:989
[  451378ms] [LOG] [Fast Refresh] rebuilding @ http://localhost:3000/_next/static/chunks/node_modules_next_dist_client_523921._.js:13661
[  451577ms] [ERROR] ./components/shared/DocEditor/DocEditor.tsx:5050:6
Parsing ecmascript source code failed
  5048 |
  5049 |   return (
> 5050 |     <MenuCloseContext.Provider value={closeMenus}>
       |      ^^^^^^^^^^^^^^^^
  5051 |     <SubmenuCloseContext.Provider value={() => setOpenSubmenu(null)}>
  5052 |       <div
  5053 |         ref={rootRef}

Unexpected token `MenuCloseContext`. Expected jsx identifier @ http://localhost:3000/_next/static/chunks/node_modules_next_dist_client_523921._.js:989
[  451583ms] [LOG] [Fast Refresh] rebuilding @ http://localhost:3000/_next/static/chunks/node_modules_next_dist_client_523921._.js:13661
[  451769ms] [ERROR] ./components/shared/DocEditor/DocEditor.tsx:5050:6
Parsing ecmascript source code failed
  5048 |
  5049 |   return (
> 5050 |     <MenuCloseContext.Provider value={closeMenus}>
       |      ^^^^^^^^^^^^^^^^
  5051 |     <SubmenuCloseContext.Provider value={() => setOpenSubmenu(null)}>
  5052 |       <div
  5053 |         ref={rootRef}

Unexpected token `MenuCloseContext`. Expected jsx identifier @ http://localhost:3000/_next/static/chunks/node_modules_next_dist_client_523921._.js:989
[  451769ms] [LOG] [Fast Refresh] rebuilding @ http://localhost:3000/_next/static/chunks/node_modules_next_dist_client_523921._.js:13661
[  451979ms] [ERROR] ./components/shared/DocEditor/DocEditor.tsx:5050:6
Parsing ecmascript source code failed
  5048 |
  5049 |   return (
> 5050 |     <MenuCloseContext.Provider value={closeMenus}>
       |      ^^^^^^^^^^^^^^^^
  5051 |     <SubmenuCloseContext.Provider value={() => setOpenSubmenu(null)}>
  5052 |       <div
  5053 |         ref={rootRef}

Unexpected token `MenuCloseContext`. Expected jsx identifier @ http://localhost:3000/_next/static/chunks/node_modules_next_dist_client_523921._.js:989
[  451985ms] [LOG] [Fast Refresh] rebuilding @ http://localhost:3000/_next/static/chunks/node_modules_next_dist_client_523921._.js:13661
[  452443ms] [ERROR] ./components/shared/DocEditor/DocEditor.tsx:5050:6
Parsing ecmascript source code failed
  5048 |
  5049 |   return (
> 5050 |     <MenuCloseContext.Provider value={closeMenus}>
       |      ^^^^^^^^^^^^^^^^
  5051 |     <SubmenuCloseContext.Provider value={() => setOpenSubmenu(null)}>
  5052 |       <div
  5053 |         ref={rootRef}

Unexpected token `MenuCloseContext`. Expected jsx identifier @ http://localhost:3000/_next/static/chunks/node_modules_next_dist_client_523921._.js:989
[  452450ms] [LOG] [Fast Refresh] rebuilding @ http://localhost:3000/_next/static/chunks/node_modules_next_dist_client_523921._.js:13661
[  452650ms] [ERROR] ./components/shared/DocEditor/DocEditor.tsx:5050:6
Parsing ecmascript source code failed
  5048 |
  5049 |   return (
> 5050 |     <MenuCloseContext.Provider value={closeMenus}>
       |      ^^^^^^^^^^^^^^^^
  5051 |     <SubmenuCloseContext.Provider value={() => setOpenSubmenu(null)}>
  5052 |       <div
  5053 |         ref={rootRef}

Unexpected token `MenuCloseContext`. Expected jsx identifier @ http://localhost:3000/_next/static/chunks/node_modules_next_dist_client_523921._.js:989
[  452651ms] [LOG] [Fast Refresh] rebuilding @ http://localhost:3000/_next/static/chunks/node_modules_next_dist_client_523921._.js:13661
[  452838ms] [ERROR] ./components/shared/DocEditor/DocEditor.tsx:5050:6
Parsing ecmascript source code failed
  5048 |
  5049 |   return (
> 5050 |     <MenuCloseContext.Provider value={closeMenus}>
       |      ^^^^^^^^^^^^^^^^
  5051 |     <SubmenuCloseContext.Provider value={() => setOpenSubmenu(null)}>
  5052 |       <div
  5053 |         ref={rootRef}

Unexpected token `MenuCloseContext`. Expected jsx identifier @ http://localhost:3000/_next/static/chunks/node_modules_next_dist_client_523921._.js:989
[  452840ms] [LOG] [Fast Refresh] rebuilding @ http://localhost:3000/_next/static/chunks/node_modules_next_dist_client_523921._.js:13661
[  453019ms] [ERROR] ./components/shared/DocEditor/DocEditor.tsx:5050:6
Parsing ecmascript source code failed
  5048 |
  5049 |   return (
> 5050 |     <MenuCloseContext.Provider value={closeMenus}>
       |      ^^^^^^^^^^^^^^^^
  5051 |     <SubmenuCloseContext.Provider value={() => setOpenSubmenu(null)}>
  5052 |       <div
  5053 |         ref={rootRef}

Unexpected token `MenuCloseContext`. Expected jsx identifier @ http://localhost:3000/_next/static/chunks/node_modules_next_dist_client_523921._.js:989
[  453025ms] [LOG] [Fast Refresh] rebuilding @ http://localhost:3000/_next/static/chunks/node_modules_next_dist_client_523921._.js:13661
[  453292ms] [ERROR] ./components/shared/DocEditor/DocEditor.tsx:5050:6
Parsing ecmascript source code failed
  5048 |
  5049 |   return (
> 5050 |     <MenuCloseContext.Provider value={closeMenus}>
       |      ^^^^^^^^^^^^^^^^
  5051 |     <SubmenuCloseContext.Provider value={() => setOpenSubmenu(null)}>
  5052 |       <div
  5053 |         ref={rootRef}

Unexpected token `MenuCloseContext`. Expected jsx identifier @ http://localhost:3000/_next/static/chunks/node_modules_next_dist_client_523921._.js:989
[  453298ms] [LOG] [Fast Refresh] rebuilding @ http://localhost:3000/_next/static/chunks/node_modules_next_dist_client_523921._.js:13661
[  453481ms] [ERROR] ./components/shared/DocEditor/DocEditor.tsx:5050:6
Parsing ecmascript source code failed
  5048 |
  5049 |   return (
> 5050 |     <MenuCloseContext.Provider value={closeMenus}>
       |      ^^^^^^^^^^^^^^^^
  5051 |     <SubmenuCloseContext.Provider value={() => setOpenSubmenu(null)}>
  5052 |       <div
  5053 |         ref={rootRef}

Unexpected token `MenuCloseContext`. Expected jsx identifier @ http://localhost:3000/_next/static/chunks/node_modules_next_dist_client_523921._.js:989
[  453489ms] [LOG] [Fast Refresh] rebuilding @ http://localhost:3000/_next/static/chunks/node_modules_next_dist_client_523921._.js:13661
[  453731ms] [ERROR] ./components/shared/DocEditor/DocEditor.tsx:5050:6
Parsing ecmascript source code failed
  5048 |
  5049 |   return (
> 5050 |     <MenuCloseContext.Provider value={closeMenus}>
       |      ^^^^^^^^^^^^^^^^
  5051 |     <SubmenuCloseContext.Provider value={() => setOpenSubmenu(null)}>
  5052 |       <div
  5053 |         ref={rootRef}

Unexpected token `MenuCloseContext`. Expected jsx identifier @ http://localhost:3000/_next/static/chunks/node_modules_next_dist_client_523921._.js:989
[  453738ms] [LOG] [Fast Refresh] rebuilding @ http://localhost:3000/_next/static/chunks/node_modules_next_dist_client_523921._.js:13661
[  453910ms] [ERROR] ./components/shared/DocEditor/DocEditor.tsx:5050:6
Parsing ecmascript source code failed
  5048 |
  5049 |   return (
> 5050 |     <MenuCloseContext.Provider value={closeMenus}>
       |      ^^^^^^^^^^^^^^^^
  5051 |     <SubmenuCloseContext.Provider value={() => setOpenSubmenu(null)}>
  5052 |       <div
  5053 |         ref={rootRef}

Unexpected token `MenuCloseContext`. Expected jsx identifier @ http://localhost:3000/_next/static/chunks/node_modules_next_dist_client_523921._.js:989
[  453916ms] [LOG] [Fast Refresh] rebuilding @ http://localhost:3000/_next/static/chunks/node_modules_next_dist_client_523921._.js:13661
[  454096ms] [ERROR] ./components/shared/DocEditor/DocEditor.tsx:5050:6
Parsing ecmascript source code failed
  5048 |
  5049 |   return (
> 5050 |     <MenuCloseContext.Provider value={closeMenus}>
       |      ^^^^^^^^^^^^^^^^
  5051 |     <SubmenuCloseContext.Provider value={() => setOpenSubmenu(null)}>
  5052 |       <div
  5053 |         ref={rootRef}

Unexpected token `MenuCloseContext`. Expected jsx identifier @ http://localhost:3000/_next/static/chunks/node_modules_next_dist_client_523921._.js:989
[  454102ms] [LOG] [Fast Refresh] rebuilding @ http://localhost:3000/_next/static/chunks/node_modules_next_dist_client_523921._.js:13661
[  454293ms] [ERROR] ./components/shared/DocEditor/DocEditor.tsx:5050:6
Parsing ecmascript source code failed
  5048 |
  5049 |   return (
> 5050 |     <MenuCloseContext.Provider value={closeMenus}>
       |      ^^^^^^^^^^^^^^^^
  5051 |     <SubmenuCloseContext.Provider value={() => setOpenSubmenu(null)}>
  5052 |       <div
  5053 |         ref={rootRef}

Unexpected token `MenuCloseContext`. Expected jsx identifier @ http://localhost:3000/_next/static/chunks/node_modules_next_dist_client_523921._.js:989
[  454294ms] [LOG] [Fast Refresh] rebuilding @ http://localhost:3000/_next/static/chunks/node_modules_next_dist_client_523921._.js:13661
[  454495ms] [ERROR] ./components/shared/DocEditor/DocEditor.tsx:5050:6
Parsing ecmascript source code failed
  5048 |
  5049 |   return (
> 5050 |     <MenuCloseContext.Provider value={closeMenus}>
       |      ^^^^^^^^^^^^^^^^
  5051 |     <SubmenuCloseContext.Provider value={() => setOpenSubmenu(null)}>
  5052 |       <div
  5053 |         ref={rootRef}

Unexpected token `MenuCloseContext`. Expected jsx identifier @ http://localhost:3000/_next/static/chunks/node_modules_next_dist_client_523921._.js:989
[  454495ms] [LOG] [Fast Refresh] rebuilding @ http://localhost:3000/_next/static/chunks/node_modules_next_dist_client_523921._.js:13661
[  454677ms] [ERROR] ./components/shared/DocEditor/DocEditor.tsx:5050:6
Parsing ecmascript source code failed
  5048 |
  5049 |   return (
> 5050 |     <MenuCloseContext.Provider value={closeMenus}>
       |      ^^^^^^^^^^^^^^^^
  5051 |     <SubmenuCloseContext.Provider value={() => setOpenSubmenu(null)}>
  5052 |       <div
  5053 |         ref={rootRef}

Unexpected token `MenuCloseContext`. Expected jsx identifier @ http://localhost:3000/_next/static/chunks/node_modules_next_dist_client_523921._.js:989
[  454681ms] [LOG] [Fast Refresh] rebuilding @ http://localhost:3000/_next/static/chunks/node_modules_next_dist_client_523921._.js:13661
[  454864ms] [ERROR] ./components/shared/DocEditor/DocEditor.tsx:5050:6
Parsing ecmascript source code failed
  5048 |
  5049 |   return (
> 5050 |     <MenuCloseContext.Provider value={closeMenus}>
       |      ^^^^^^^^^^^^^^^^
  5051 |     <SubmenuCloseContext.Provider value={() => setOpenSubmenu(null)}>
  5052 |       <div
  5053 |         ref={rootRef}

Unexpected token `MenuCloseContext`. Expected jsx identifier @ http://localhost:3000/_next/static/chunks/node_modules_next_dist_client_523921._.js:989
[  454866ms] [LOG] [Fast Refresh] rebuilding @ http://localhost:3000/_next/static/chunks/node_modules_next_dist_client_523921._.js:13661
[  455064ms] [ERROR] ./components/shared/DocEditor/DocEditor.tsx:5050:6
Parsing ecmascript source code failed
  5048 |
  5049 |   return (
> 5050 |     <MenuCloseContext.Provider value={closeMenus}>
       |      ^^^^^^^^^^^^^^^^
  5051 |     <SubmenuCloseContext.Provider value={() => setOpenSubmenu(null)}>
  5052 |       <div
  5053 |         ref={rootRef}

Unexpected token `MenuCloseContext`. Expected jsx identifier @ http://localhost:3000/_next/static/chunks/node_modules_next_dist_client_523921._.js:989
[  455068ms] [LOG] [Fast Refresh] rebuilding @ http://localhost:3000/_next/static/chunks/node_modules_next_dist_client_523921._.js:13661
[  455250ms] [ERROR] ./components/shared/DocEditor/DocEditor.tsx:5050:6
Parsing ecmascript source code failed
  5048 |
  5049 |   return (
> 5050 |     <MenuCloseContext.Provider value={closeMenus}>
       |      ^^^^^^^^^^^^^^^^
  5051 |     <SubmenuCloseContext.Provider value={() => setOpenSubmenu(null)}>
  5052 |       <div
  5053 |         ref={rootRef}

Unexpected token `MenuCloseContext`. Expected jsx identifier @ http://localhost:3000/_next/static/chunks/node_modules_next_dist_client_523921._.js:989
[  455250ms] [LOG] [Fast Refresh] rebuilding @ http://localhost:3000/_next/static/chunks/node_modules_next_dist_client_523921._.js:13661
[  455442ms] [ERROR] ./components/shared/DocEditor/DocEditor.tsx:5050:6
Parsing ecmascript source code failed
  5048 |
  5049 |   return (
> 5050 |     <MenuCloseContext.Provider value={closeMenus}>
       |      ^^^^^^^^^^^^^^^^
  5051 |     <SubmenuCloseContext.Provider value={() => setOpenSubmenu(null)}>
  5052 |       <div
  5053 |         ref={rootRef}

Unexpected token `MenuCloseContext`. Expected jsx identifier @ http://localhost:3000/_next/static/chunks/node_modules_next_dist_client_523921._.js:989
[  455442ms] [LOG] [Fast Refresh] rebuilding @ http://localhost:3000/_next/static/chunks/node_modules_next_dist_client_523921._.js:13661
[  455641ms] [ERROR] ./components/shared/DocEditor/DocEditor.tsx:5050:6
Parsing ecmascript source code failed
  5048 |
  5049 |   return (
> 5050 |     <MenuCloseContext.Provider value={closeMenus}>
       |      ^^^^^^^^^^^^^^^^
  5051 |     <SubmenuCloseContext.Provider value={() => setOpenSubmenu(null)}>
  5052 |       <div
  5053 |         ref={rootRef}

Unexpected token `MenuCloseContext`. Expected jsx identifier @ http://localhost:3000/_next/static/chunks/node_modules_next_dist_client_523921._.js:989
[  455647ms] [LOG] [Fast Refresh] rebuilding @ http://localhost:3000/_next/static/chunks/node_modules_next_dist_client_523921._.js:13661
[  455929ms] [ERROR] ./components/shared/DocEditor/DocEditor.tsx:5050:6
Parsing ecmascript source code failed
  5048 |
  5049 |   return (
> 5050 |     <MenuCloseContext.Provider value={closeMenus}>
       |      ^^^^^^^^^^^^^^^^
  5051 |     <SubmenuCloseContext.Provider value={() => setOpenSubmenu(null)}>
  5052 |       <div
  5053 |         ref={rootRef}

Unexpected token `MenuCloseContext`. Expected jsx identifier @ http://localhost:3000/_next/static/chunks/node_modules_next_dist_client_523921._.js:989
[  455931ms] [LOG] [Fast Refresh] rebuilding @ http://localhost:3000/_next/static/chunks/node_modules_next_dist_client_523921._.js:13661
[  456064ms] [ERROR] ./components/shared/DocEditor/DocEditor.tsx:5050:6
Parsing ecmascript source code failed
  5048 |
  5049 |   return (
> 5050 |     <MenuCloseContext.Provider value={closeMenus}>
       |      ^^^^^^^^^^^^^^^^
  5051 |     <SubmenuCloseContext.Provider value={() => setOpenSubmenu(null)}>
  5052 |       <div
  5053 |         ref={rootRef}

Unexpected token `MenuCloseContext`. Expected jsx identifier @ http://localhost:3000/_next/static/chunks/node_modules_next_dist_client_523921._.js:989
[  456065ms] [LOG] [Fast Refresh] rebuilding @ http://localhost:3000/_next/static/chunks/node_modules_next_dist_client_523921._.js:13661
[  456177ms] [ERROR] ./components/shared/DocEditor/DocEditor.tsx:5050:6
Parsing ecmascript source code failed
  5048 |
  5049 |   return (
> 5050 |     <MenuCloseContext.Provider value={closeMenus}>
       |      ^^^^^^^^^^^^^^^^
  5051 |     <SubmenuCloseContext.Provider value={() => setOpenSubmenu(null)}>
  5052 |       <div
  5053 |         ref={rootRef}

Unexpected token `MenuCloseContext`. Expected jsx identifier @ http://localhost:3000/_next/static/chunks/node_modules_next_dist_client_523921._.js:989
[  456177ms] [LOG] [Fast Refresh] rebuilding @ http://localhost:3000/_next/static/chunks/node_modules_next_dist_client_523921._.js:13661
[  456285ms] [ERROR] ./components/shared/DocEditor/DocEditor.tsx:5050:6
Parsing ecmascript source code failed
  5048 |
  5049 |   return (
> 5050 |     <MenuCloseContext.Provider value={closeMenus}>
       |      ^^^^^^^^^^^^^^^^
  5051 |     <SubmenuCloseContext.Provider value={() => setOpenSubmenu(null)}>
  5052 |       <div
  5053 |         ref={rootRef}

Unexpected token `MenuCloseContext`. Expected jsx identifier @ http://localhost:3000/_next/static/chunks/node_modules_next_dist_client_523921._.js:989
[  456290ms] [LOG] [Fast Refresh] rebuilding @ http://localhost:3000/_next/static/chunks/node_modules_next_dist_client_523921._.js:13661
[  456387ms] [ERROR] ./components/shared/DocEditor/DocEditor.tsx:5050:6
Parsing ecmascript source code failed
  5048 |
  5049 |   return (
> 5050 |     <MenuCloseContext.Provider value={closeMenus}>
       |      ^^^^^^^^^^^^^^^^
  5051 |     <SubmenuCloseContext.Provider value={() => setOpenSubmenu(null)}>
  5052 |       <div
  5053 |         ref={rootRef}

Unexpected token `MenuCloseContext`. Expected jsx identifier @ http://localhost:3000/_next/static/chunks/node_modules_next_dist_client_523921._.js:989
[  456389ms] [LOG] [Fast Refresh] rebuilding @ http://localhost:3000/_next/static/chunks/node_modules_next_dist_client_523921._.js:13661
[  456495ms] [ERROR] ./components/shared/DocEditor/DocEditor.tsx:5050:6
Parsing ecmascript source code failed
  5048 |
  5049 |   return (
> 5050 |     <MenuCloseContext.Provider value={closeMenus}>
       |      ^^^^^^^^^^^^^^^^
  5051 |     <SubmenuCloseContext.Provider value={() => setOpenSubmenu(null)}>
  5052 |       <div
  5053 |         ref={rootRef}

Unexpected token `MenuCloseContext`. Expected jsx identifier @ http://localhost:3000/_next/static/chunks/node_modules_next_dist_client_523921._.js:989
[  456499ms] [LOG] [Fast Refresh] rebuilding @ http://localhost:3000/_next/static/chunks/node_modules_next_dist_client_523921._.js:13661
[  456608ms] [ERROR] ./components/shared/DocEditor/DocEditor.tsx:5050:6
Parsing ecmascript source code failed
  5048 |
  5049 |   return (
> 5050 |     <MenuCloseContext.Provider value={closeMenus}>
       |      ^^^^^^^^^^^^^^^^
  5051 |     <SubmenuCloseContext.Provider value={() => setOpenSubmenu(null)}>
  5052 |       <div
  5053 |         ref={rootRef}

Unexpected token `MenuCloseContext`. Expected jsx identifier @ http://localhost:3000/_next/static/chunks/node_modules_next_dist_client_523921._.js:989
[  456608ms] [LOG] [Fast Refresh] rebuilding @ http://localhost:3000/_next/static/chunks/node_modules_next_dist_client_523921._.js:13661
[  456719ms] [ERROR] ./components/shared/DocEditor/DocEditor.tsx:5050:6
Parsing ecmascript source code failed
  5048 |
  5049 |   return (
> 5050 |     <MenuCloseContext.Provider value={closeMenus}>
       |      ^^^^^^^^^^^^^^^^
  5051 |     <SubmenuCloseContext.Provider value={() => setOpenSubmenu(null)}>
  5052 |       <div
  5053 |         ref={rootRef}

Unexpected token `MenuCloseContext`. Expected jsx identifier @ http://localhost:3000/_next/static/chunks/node_modules_next_dist_client_523921._.js:989
[  456720ms] [LOG] [Fast Refresh] rebuilding @ http://localhost:3000/_next/static/chunks/node_modules_next_dist_client_523921._.js:13661
[  456823ms] [ERROR] ./components/shared/DocEditor/DocEditor.tsx:5050:6
Parsing ecmascript source code failed
  5048 |
  5049 |   return (
> 5050 |     <MenuCloseContext.Provider value={closeMenus}>
       |      ^^^^^^^^^^^^^^^^
  5051 |     <SubmenuCloseContext.Provider value={() => setOpenSubmenu(null)}>
  5052 |       <div
  5053 |         ref={rootRef}

Unexpected token `MenuCloseContext`. Expected jsx identifier @ http://localhost:3000/_next/static/chunks/node_modules_next_dist_client_523921._.js:989
[  456825ms] [LOG] [Fast Refresh] rebuilding @ http://localhost:3000/_next/static/chunks/node_modules_next_dist_client_523921._.js:13661
[  456930ms] [ERROR] ./components/shared/DocEditor/DocEditor.tsx:5050:6
Parsing ecmascript source code failed
  5048 |
  5049 |   return (
> 5050 |     <MenuCloseContext.Provider value={closeMenus}>
       |      ^^^^^^^^^^^^^^^^
  5051 |     <SubmenuCloseContext.Provider value={() => setOpenSubmenu(null)}>
  5052 |       <div
  5053 |         ref={rootRef}

Unexpected token `MenuCloseContext`. Expected jsx identifier @ http://localhost:3000/_next/static/chunks/node_modules_next_dist_client_523921._.js:989
[  456933ms] [LOG] [Fast Refresh] rebuilding @ http://localhost:3000/_next/static/chunks/node_modules_next_dist_client_523921._.js:13661
[  457047ms] [ERROR] ./components/shared/DocEditor/DocEditor.tsx:5050:6
Parsing ecmascript source code failed
  5048 |
  5049 |   return (
> 5050 |     <MenuCloseContext.Provider value={closeMenus}>
       |      ^^^^^^^^^^^^^^^^
  5051 |     <SubmenuCloseContext.Provider value={() => setOpenSubmenu(null)}>
  5052 |       <div
  5053 |         ref={rootRef}

Unexpected token `MenuCloseContext`. Expected jsx identifier @ http://localhost:3000/_next/static/chunks/node_modules_next_dist_client_523921._.js:989
[  457051ms] [LOG] [Fast Refresh] rebuilding @ http://localhost:3000/_next/static/chunks/node_modules_next_dist_client_523921._.js:13661
[  457207ms] [ERROR] ./components/shared/DocEditor/DocEditor.tsx:5050:6
Parsing ecmascript source code failed
  5048 |
  5049 |   return (
> 5050 |     <MenuCloseContext.Provider value={closeMenus}>
       |      ^^^^^^^^^^^^^^^^
  5051 |     <SubmenuCloseContext.Provider value={() => setOpenSubmenu(null)}>
  5052 |       <div
  5053 |         ref={rootRef}

Unexpected token `MenuCloseContext`. Expected jsx identifier @ http://localhost:3000/_next/static/chunks/node_modules_next_dist_client_523921._.js:989
[  457210ms] [LOG] [Fast Refresh] rebuilding @ http://localhost:3000/_next/static/chunks/node_modules_next_dist_client_523921._.js:13661
[  457348ms] [ERROR] ./components/shared/DocEditor/DocEditor.tsx:5050:6
Parsing ecmascript source code failed
  5048 |
  5049 |   return (
> 5050 |     <MenuCloseContext.Provider value={closeMenus}>
       |      ^^^^^^^^^^^^^^^^
  5051 |     <SubmenuCloseContext.Provider value={() => setOpenSubmenu(null)}>
  5052 |       <div
  5053 |         ref={rootRef}

Unexpected token `MenuCloseContext`. Expected jsx identifier @ http://localhost:3000/_next/static/chunks/node_modules_next_dist_client_523921._.js:989
[  457348ms] [LOG] [Fast Refresh] rebuilding @ http://localhost:3000/_next/static/chunks/node_modules_next_dist_client_523921._.js:13661
[  457467ms] [ERROR] ./components/shared/DocEditor/DocEditor.tsx:5050:6
Parsing ecmascript source code failed
  5048 |
  5049 |   return (
> 5050 |     <MenuCloseContext.Provider value={closeMenus}>
       |      ^^^^^^^^^^^^^^^^
  5051 |     <SubmenuCloseContext.Provider value={() => setOpenSubmenu(null)}>
  5052 |       <div
  5053 |         ref={rootRef}

Unexpected token `MenuCloseContext`. Expected jsx identifier @ http://localhost:3000/_next/static/chunks/node_modules_next_dist_client_523921._.js:989
[  457468ms] [LOG] [Fast Refresh] rebuilding @ http://localhost:3000/_next/static/chunks/node_modules_next_dist_client_523921._.js:13661
[  457594ms] [ERROR] ./components/shared/DocEditor/DocEditor.tsx:5050:6
Parsing ecmascript source code failed
  5048 |
  5049 |   return (
> 5050 |     <MenuCloseContext.Provider value={closeMenus}>
       |      ^^^^^^^^^^^^^^^^
  5051 |     <SubmenuCloseContext.Provider value={() => setOpenSubmenu(null)}>
  5052 |       <div
  5053 |         ref={rootRef}

Unexpected token `MenuCloseContext`. Expected jsx identifier @ http://localhost:3000/_next/static/chunks/node_modules_next_dist_client_523921._.js:989
[  457594ms] [LOG] [Fast Refresh] rebuilding @ http://localhost:3000/_next/static/chunks/node_modules_next_dist_client_523921._.js:13661
[  457715ms] [ERROR] ./components/shared/DocEditor/DocEditor.tsx:5050:6
Parsing ecmascript source code failed
  5048 |
  5049 |   return (
> 5050 |     <MenuCloseContext.Provider value={closeMenus}>
       |      ^^^^^^^^^^^^^^^^
  5051 |     <SubmenuCloseContext.Provider value={() => setOpenSubmenu(null)}>
  5052 |       <div
  5053 |         ref={rootRef}

Unexpected token `MenuCloseContext`. Expected jsx identifier @ http://localhost:3000/_next/static/chunks/node_modules_next_dist_client_523921._.js:989
[  457716ms] [LOG] [Fast Refresh] rebuilding @ http://localhost:3000/_next/static/chunks/node_modules_next_dist_client_523921._.js:13661
[  457838ms] [ERROR] ./components/shared/DocEditor/DocEditor.tsx:5050:6
Parsing ecmascript source code failed
  5048 |
  5049 |   return (
> 5050 |     <MenuCloseContext.Provider value={closeMenus}>
       |      ^^^^^^^^^^^^^^^^
  5051 |     <SubmenuCloseContext.Provider value={() => setOpenSubmenu(null)}>
  5052 |       <div
  5053 |         ref={rootRef}

Unexpected token `MenuCloseContext`. Expected jsx identifier @ http://localhost:3000/_next/static/chunks/node_modules_next_dist_client_523921._.js:989
[  457839ms] [LOG] [Fast Refresh] rebuilding @ http://localhost:3000/_next/static/chunks/node_modules_next_dist_client_523921._.js:13661
[  457958ms] [ERROR] ./components/shared/DocEditor/DocEditor.tsx:5050:6
Parsing ecmascript source code failed
  5048 |
  5049 |   return (
> 5050 |     <MenuCloseContext.Provider value={closeMenus}>
       |      ^^^^^^^^^^^^^^^^
  5051 |     <SubmenuCloseContext.Provider value={() => setOpenSubmenu(null)}>
  5052 |       <div
  5053 |         ref={rootRef}

Unexpected token `MenuCloseContext`. Expected jsx identifier @ http://localhost:3000/_next/static/chunks/node_modules_next_dist_client_523921._.js:989
[  457958ms] [LOG] [Fast Refresh] rebuilding @ http://localhost:3000/_next/static/chunks/node_modules_next_dist_client_523921._.js:13661
[  458078ms] [ERROR] ./components/shared/DocEditor/DocEditor.tsx:5050:6
Parsing ecmascript source code failed
  5048 |
  5049 |   return (
> 5050 |     <MenuCloseContext.Provider value={closeMenus}>
       |      ^^^^^^^^^^^^^^^^
  5051 |     <SubmenuCloseContext.Provider value={() => setOpenSubmenu(null)}>
  5052 |       <div
  5053 |         ref={rootRef}

Unexpected token `MenuCloseContext`. Expected jsx identifier @ http://localhost:3000/_next/static/chunks/node_modules_next_dist_client_523921._.js:989
[  458084ms] [LOG] [Fast Refresh] rebuilding @ http://localhost:3000/_next/static/chunks/node_modules_next_dist_client_523921._.js:13661
[  458199ms] [ERROR] ./components/shared/DocEditor/DocEditor.tsx:5050:6
Parsing ecmascript source code failed
  5048 |
  5049 |   return (
> 5050 |     <MenuCloseContext.Provider value={closeMenus}>
       |      ^^^^^^^^^^^^^^^^
  5051 |     <SubmenuCloseContext.Provider value={() => setOpenSubmenu(null)}>
  5052 |       <div
  5053 |         ref={rootRef}

Unexpected token `MenuCloseContext`. Expected jsx identifier @ http://localhost:3000/_next/static/chunks/node_modules_next_dist_client_523921._.js:989
[  458199ms] [LOG] [Fast Refresh] rebuilding @ http://localhost:3000/_next/static/chunks/node_modules_next_dist_client_523921._.js:13661
[  458337ms] [ERROR] ./components/shared/DocEditor/DocEditor.tsx:5050:6
Parsing ecmascript source code failed
  5048 |
  5049 |   return (
> 5050 |     <MenuCloseContext.Provider value={closeMenus}>
       |      ^^^^^^^^^^^^^^^^
  5051 |     <SubmenuCloseContext.Provider value={() => setOpenSubmenu(null)}>
  5052 |       <div
  5053 |         ref={rootRef}

Unexpected token `MenuCloseContext`. Expected jsx identifier @ http://localhost:3000/_next/static/chunks/node_modules_next_dist_client_523921._.js:989
[  458349ms] [LOG] [Fast Refresh] rebuilding @ http://localhost:3000/_next/static/chunks/node_modules_next_dist_client_523921._.js:13661
[  458461ms] [ERROR] ./components/shared/DocEditor/DocEditor.tsx:5050:6
Parsing ecmascript source code failed
  5048 |
  5049 |   return (
> 5050 |     <MenuCloseContext.Provider value={closeMenus}>
       |      ^^^^^^^^^^^^^^^^
  5051 |     <SubmenuCloseContext.Provider value={() => setOpenSubmenu(null)}>
  5052 |       <div
  5053 |         ref={rootRef}

Unexpected token `MenuCloseContext`. Expected jsx identifier @ http://localhost:3000/_next/static/chunks/node_modules_next_dist_client_523921._.js:989
[  458462ms] [LOG] [Fast Refresh] rebuilding @ http://localhost:3000/_next/static/chunks/node_modules_next_dist_client_523921._.js:13661
[  458573ms] [ERROR] ./components/shared/DocEditor/DocEditor.tsx:5050:6
Parsing ecmascript source code failed
  5048 |
  5049 |   return (
> 5050 |     <MenuCloseContext.Provider value={closeMenus}>
       |      ^^^^^^^^^^^^^^^^
  5051 |     <SubmenuCloseContext.Provider value={() => setOpenSubmenu(null)}>
  5052 |       <div
  5053 |         ref={rootRef}

Unexpected token `MenuCloseContext`. Expected jsx identifier @ http://localhost:3000/_next/static/chunks/node_modules_next_dist_client_523921._.js:989
[  458575ms] [LOG] [Fast Refresh] rebuilding @ http://localhost:3000/_next/static/chunks/node_modules_next_dist_client_523921._.js:13661
[  458712ms] [ERROR] ./components/shared/DocEditor/DocEditor.tsx:5050:6
Parsing ecmascript source code failed
  5048 |
  5049 |   return (
> 5050 |     <MenuCloseContext.Provider value={closeMenus}>
       |      ^^^^^^^^^^^^^^^^
  5051 |     <SubmenuCloseContext.Provider value={() => setOpenSubmenu(null)}>
  5052 |       <div
  5053 |         ref={rootRef}

Unexpected token `MenuCloseContext`. Expected jsx identifier @ http://localhost:3000/_next/static/chunks/node_modules_next_dist_client_523921._.js:989
[  458713ms] [LOG] [Fast Refresh] rebuilding @ http://localhost:3000/_next/static/chunks/node_modules_next_dist_client_523921._.js:13661
[  458883ms] [ERROR] ./components/shared/DocEditor/DocEditor.tsx:5050:6
Parsing ecmascript source code failed
  5048 |
  5049 |   return (
> 5050 |     <MenuCloseContext.Provider value={closeMenus}>
       |      ^^^^^^^^^^^^^^^^
  5051 |     <SubmenuCloseContext.Provider value={() => setOpenSubmenu(null)}>
  5052 |       <div
  5053 |         ref={rootRef}

Unexpected token `MenuCloseContext`. Expected jsx identifier @ http://localhost:3000/_next/static/chunks/node_modules_next_dist_client_523921._.js:989
[  458884ms] [LOG] [Fast Refresh] rebuilding @ http://localhost:3000/_next/static/chunks/node_modules_next_dist_client_523921._.js:13661
[  459011ms] [ERROR] ./components/shared/DocEditor/DocEditor.tsx:5050:6
Parsing ecmascript source code failed
  5048 |
  5049 |   return (
> 5050 |     <MenuCloseContext.Provider value={closeMenus}>
       |      ^^^^^^^^^^^^^^^^
  5051 |     <SubmenuCloseContext.Provider value={() => setOpenSubmenu(null)}>
  5052 |       <div
  5053 |         ref={rootRef}

Unexpected token `MenuCloseContext`. Expected jsx identifier @ http://localhost:3000/_next/static/chunks/node_modules_next_dist_client_523921._.js:989
[  459012ms] [LOG] [Fast Refresh] rebuilding @ http://localhost:3000/_next/static/chunks/node_modules_next_dist_client_523921._.js:13661
[  461416ms] [LOG] [Fast Refresh] done in 2405ms @ http://localhost:3000/_next/static/chunks/node_modules_next_dist_client_523921._.js:13488
[  461842ms] [LOG] [Fast Refresh] rebuilding @ http://localhost:3000/_next/static/chunks/node_modules_next_dist_client_523921._.js:13661
[  461865ms] [LOG] [Fast Refresh] rebuilding @ http://localhost:3000/_next/static/chunks/node_modules_next_dist_client_523921._.js:13661
[  461867ms] [LOG] [Fast Refresh] rebuilding @ http://localhost:3000/_next/static/chunks/node_modules_next_dist_client_523921._.js:13661
[  461869ms] [LOG] [Fast Refresh] rebuilding @ http://localhost:3000/_next/static/chunks/node_modules_next_dist_client_523921._.js:13661
[  461870ms] [LOG] [Fast Refresh] rebuilding @ http://localhost:3000/_next/static/chunks/node_modules_next_dist_client_523921._.js:13661
[  463228ms] [LOG] [Fast Refresh] rebuilding @ http://localhost:3000/_next/static/chunks/node_modules_next_dist_client_523921._.js:13661
[  463273ms] [LOG] [Fast Refresh] rebuilding @ http://localhost:3000/_next/static/chunks/node_modules_next_dist_client_523921._.js:13661
[  463294ms] [LOG] [Fast Refresh] rebuilding @ http://localhost:3000/_next/static/chunks/node_modules_next_dist_client_523921._.js:13661
[  464480ms] [LOG] [Fast Refresh] rebuilding @ http://localhost:3000/_next/static/chunks/node_modules_next_dist_client_523921._.js:13661
[  464496ms] [LOG] [Fast Refresh] rebuilding @ http://localhost:3000/_next/static/chunks/node_modules_next_dist_client_523921._.js:13661
