[      32ms] [LOG] [Fast Refresh] rebuilding @ http://localhost:3000/_next/static/chunks/node_modules_next_dist_client_523921._.js:13661
[      98ms] [LOG] [Fast Refresh] rebuilding @ http://localhost:3000/_next/static/chunks/node_modules_next_dist_client_523921._.js:13661
[    1470ms] [LOG] [Fast Refresh] rebuilding @ http://localhost:3000/_next/static/chunks/node_modules_next_dist_client_523921._.js:13661
[    1681ms] [INFO] %cDownload the React DevTools for a better development experience: https://react.dev/link/react-devtools font-weight:bold @ http://localhost:3000/_next/static/chunks/node_modules_next_dist_compiled_react-dom_1f56dc._.js:13948
[    1938ms] [LOG] MeetingsContext: Loaded meetings from localStorage 7 @ http://localhost:3000/_next/static/chunks/_0b03d8._.js:6317
[    1939ms] [LOG] TranscriptContext: Loaded requests from localStorage [] @ http://localhost:3000/_next/static/chunks/_0b03d8._.js:4358
[    1940ms] [LOG] Discipline Context: Loaded disciplinary actions from localStorage [] @ http://localhost:3000/_next/static/chunks/_0b03d8._.js:5729
[    1941ms] [LOG] Discipline Context: Loaded complaints from localStorage [] @ http://localhost:3000/_next/static/chunks/_0b03d8._.js:5734
[    1942ms] [LOG] Performance Context: Loaded reviews from localStorage [] @ http://localhost:3000/_next/static/chunks/_0b03d8._.js:5576
[    1943ms] [LOG] LeaveContext: Loaded requests from localStorage [] @ http://localhost:3000/_next/static/chunks/_0b03d8._.js:5100
[    1945ms] [LOG] TransferContext: Loaded requests from localStorage [] @ http://localhost:3000/_next/static/chunks/_0b03d8._.js:4206
[    2186ms] [LOG] MeetingsContext: Saved meetings to localStorage 7 @ http://localhost:3000/_next/static/chunks/_0b03d8._.js:6337
[    2187ms] [LOG] TranscriptContext: Saved requests to localStorage [] @ http://localhost:3000/_next/static/chunks/_0b03d8._.js:4376
[    2188ms] [LOG] Discipline Context: Saved disciplinary actions to localStorage [] @ http://localhost:3000/_next/static/chunks/_0b03d8._.js:5755
[    2189ms] [LOG] Discipline Context: Saved complaints to localStorage [] @ http://localhost:3000/_next/static/chunks/_0b03d8._.js:5771
[    2191ms] [LOG] Performance Context: Saved to localStorage [] @ http://localhost:3000/_next/static/chunks/_0b03d8._.js:5595
[    2193ms] [LOG] LeaveContext: Saved requests to localStorage [] @ http://localhost:3000/_next/static/chunks/_0b03d8._.js:5118
[    2197ms] [LOG] TransferContext: Saved requests to localStorage [] @ http://localhost:3000/_next/static/chunks/_0b03d8._.js:4224
[    2433ms] [LOG] [Fast Refresh] rebuilding @ http://localhost:3000/_next/static/chunks/node_modules_next_dist_client_523921._.js:13661
[    2433ms] [LOG] [Fast Refresh] rebuilding @ http://localhost:3000/_next/static/chunks/node_modules_next_dist_client_523921._.js:13661
[    2435ms] [LOG] [Fast Refresh] rebuilding @ http://localhost:3000/_next/static/chunks/node_modules_next_dist_client_523921._.js:13661
[    2523ms] [LOG] [Fast Refresh] rebuilding @ http://localhost:3000/_next/static/chunks/node_modules_next_dist_client_523921._.js:13661
[    2533ms] [LOG] [Fast Refresh] rebuilding @ http://localhost:3000/_next/static/chunks/node_modules_next_dist_client_523921._.js:13661
[   20203ms] [LOG] [Fast Refresh] rebuilding @ http://localhost:3000/_next/static/chunks/node_modules_next_dist_client_523921._.js:13661
[  900898ms] [LOG] [Fast Refresh] rebuilding @ http://localhost:3000/_next/static/chunks/node_modules_next_dist_client_523921._.js:13661
[  901640ms] [LOG] [Fast Refresh] rebuilding @ http://localhost:3000/_next/static/chunks/node_modules_next_dist_client_523921._.js:13661
[  902404ms] [LOG] [Fast Refresh] rebuilding @ http://localhost:3000/_next/static/chunks/node_modules_next_dist_client_523921._.js:13661
[  903000ms] [LOG] [Fast Refresh] rebuilding @ http://localhost:3000/_next/static/chunks/node_modules_next_dist_client_523921._.js:13661
[  903638ms] [LOG] [Fast Refresh] rebuilding @ http://localhost:3000/_next/static/chunks/node_modules_next_dist_client_523921._.js:13661
[  903642ms] [LOG] [Fast Refresh] rebuilding @ http://localhost:3000/_next/static/chunks/node_modules_next_dist_client_523921._.js:13661
[  903737ms] [LOG] [Fast Refresh] rebuilding @ http://localhost:3000/_next/static/chunks/node_modules_next_dist_client_523921._.js:13661
[  904432ms] [LOG] [Fast Refresh] rebuilding @ http://localhost:3000/_next/static/chunks/node_modules_next_dist_client_523921._.js:13661
[  905029ms] [LOG] [Fast Refresh] rebuilding @ http://localhost:3000/_next/static/chunks/node_modules_next_dist_client_523921._.js:13661
[  905643ms] [LOG] [Fast Refresh] rebuilding @ http://localhost:3000/_next/static/chunks/node_modules_next_dist_client_523921._.js:13661
[  905654ms] [LOG] [Fast Refresh] rebuilding @ http://localhost:3000/_next/static/chunks/node_modules_next_dist_client_523921._.js:13661
[  905753ms] [LOG] [Fast Refresh] rebuilding @ http://localhost:3000/_next/static/chunks/node_modules_next_dist_client_523921._.js:13661
[  906431ms] [LOG] [Fast Refresh] rebuilding @ http://localhost:3000/_next/static/chunks/node_modules_next_dist_client_523921._.js:13661
[  907023ms] [LOG] [Fast Refresh] rebuilding @ http://localhost:3000/_next/static/chunks/node_modules_next_dist_client_523921._.js:13661
[  907638ms] [LOG] [Fast Refresh] rebuilding @ http://localhost:3000/_next/static/chunks/node_modules_next_dist_client_523921._.js:13661
[  907648ms] [LOG] [Fast Refresh] rebuilding @ http://localhost:3000/_next/static/chunks/node_modules_next_dist_client_523921._.js:13661
[  907739ms] [LOG] [Fast Refresh] rebuilding @ http://localhost:3000/_next/static/chunks/node_modules_next_dist_client_523921._.js:13661
[  908417ms] [LOG] [Fast Refresh] rebuilding @ http://localhost:3000/_next/static/chunks/node_modules_next_dist_client_523921._.js:13661
[  909024ms] [LOG] [Fast Refresh] rebuilding @ http://localhost:3000/_next/static/chunks/node_modules_next_dist_client_523921._.js:13661
[  909645ms] [LOG] [Fast Refresh] rebuilding @ http://localhost:3000/_next/static/chunks/node_modules_next_dist_client_523921._.js:13661
[  909662ms] [LOG] [Fast Refresh] rebuilding @ http://localhost:3000/_next/static/chunks/node_modules_next_dist_client_523921._.js:13661
[ 1327198ms] [LOG] [Fast Refresh] rebuilding @ http://localhost:3000/_next/static/chunks/node_modules_next_dist_client_523921._.js:13661
[ 1328436ms] [LOG] [Fast Refresh] done in 1238ms @ http://localhost:3000/_next/static/chunks/node_modules_next_dist_client_523921._.js:13488
[ 1328712ms] [LOG] [Fast Refresh] rebuilding @ http://localhost:3000/_next/static/chunks/node_modules_next_dist_client_523921._.js:13661
[ 1334865ms] [LOG] [Fast Refresh] rebuilding @ http://localhost:3000/_next/static/chunks/node_modules_next_dist_client_523921._.js:13661
[ 1336119ms] [LOG] [Fast Refresh] done in 1254ms @ http://localhost:3000/_next/static/chunks/node_modules_next_dist_client_523921._.js:13488
[ 1336314ms] [LOG] [Fast Refresh] rebuilding @ http://localhost:3000/_next/static/chunks/node_modules_next_dist_client_523921._.js:13661
[ 1336339ms] [LOG] [Fast Refresh] rebuilding @ http://localhost:3000/_next/static/chunks/node_modules_next_dist_client_523921._.js:13661
[ 1336340ms] [LOG] [Fast Refresh] rebuilding @ http://localhost:3000/_next/static/chunks/node_modules_next_dist_client_523921._.js:13661
[ 1336373ms] [LOG] [Fast Refresh] rebuilding @ http://localhost:3000/_next/static/chunks/node_modules_next_dist_client_523921._.js:13661
[ 1349339ms] [LOG] [Fast Refresh] rebuilding @ http://localhost:3000/_next/static/chunks/node_modules_next_dist_client_523921._.js:13661
[ 1350481ms] [LOG] [Fast Refresh] done in 1143ms @ http://localhost:3000/_next/static/chunks/node_modules_next_dist_client_523921._.js:13488
[ 1350731ms] [LOG] [Fast Refresh] rebuilding @ http://localhost:3000/_next/static/chunks/node_modules_next_dist_client_523921._.js:13661
[ 1391703ms] [LOG] [Fast Refresh] rebuilding @ http://localhost:3000/_next/static/chunks/node_modules_next_dist_client_523921._.js:13661
[ 1393092ms] [LOG] [Fast Refresh] done in 1390ms @ http://localhost:3000/_next/static/chunks/node_modules_next_dist_client_523921._.js:13488
[ 1393365ms] [LOG] [Fast Refresh] rebuilding @ http://localhost:3000/_next/static/chunks/node_modules_next_dist_client_523921._.js:13661
